<?xml version="1.0" encoding="UTF-8"?>
<testsuites>
  <testsuite name="C:\Users\Gaser\Desktop\كوبرا\phpunit.xml" tests="508" assertions="1208" errors="0" failures="0" skipped="0" time="120.152277">
    <testsuite name="Unit" tests="316" assertions="651" errors="0" failures="0" skipped="0" time="63.265156">
      <testsuite name="Tests\Unit\Models\CategoryTest" file="C:\Users\Gaser\Desktop\كوبرا\tests\Unit\Models\CategoryTest.php" tests="11" assertions="22" errors="0" failures="0" skipped="0" time="2.948858">
        <testcase name="it_has_products_relationship" file="C:\Users\Gaser\Desktop\كوبرا\tests\Unit\Models\CategoryTest.php" line="29" class="Tests\Unit\Models\CategoryTest" classname="Tests.Unit.Models.CategoryTest" assertions="3" time="1.098518"/>
        <testcase name="it_can_get_category_with_products_count" file="C:\Users\Gaser\Desktop\كوبرا\tests\Unit\Models\CategoryTest.php" line="83" class="Tests\Unit\Models\CategoryTest" classname="Tests.Unit.Models.CategoryTest" assertions="1" time="0.200133"/>
        <testcase name="it_can_scope_active_categories" file="C:\Users\Gaser\Desktop\كوبرا\tests\Unit\Models\CategoryTest.php" line="58" class="Tests\Unit\Models\CategoryTest" classname="Tests.Unit.Models.CategoryTest" assertions="2" time="0.179238"/>
        <testcase name="it_can_validate_name_length" file="C:\Users\Gaser\Desktop\كوبرا\tests\Unit\Models\CategoryTest.php" line="49" class="Tests\Unit\Models\CategoryTest" classname="Tests.Unit.Models.CategoryTest" assertions="2" time="0.187578"/>
        <testcase name="it_can_validate_required_fields" file="C:\Users\Gaser\Desktop\كوبرا\tests\Unit\Models\CategoryTest.php" line="40" class="Tests\Unit\Models\CategoryTest" classname="Tests.Unit.Models.CategoryTest" assertions="2" time="0.171124"/>
        <testcase name="it_can_create_a_category" file="C:\Users\Gaser\Desktop\كوبرا\tests\Unit\Models\CategoryTest.php" line="12" class="Tests\Unit\Models\CategoryTest" classname="Tests.Unit.Models.CategoryTest" assertions="5" time="0.173798"/>
        <testcase name="it_updates_slug_when_name_changes" file="C:\Users\Gaser\Desktop\كوبرا\tests\Unit\Models\CategoryTest.php" line="128" class="Tests\Unit\Models\CategoryTest" classname="Tests.Unit.Models.CategoryTest" assertions="1" time="0.210099"/>
        <testcase name="it_auto_generates_slug_from_name" file="C:\Users\Gaser\Desktop\كوبرا\tests\Unit\Models\CategoryTest.php" line="118" class="Tests\Unit\Models\CategoryTest" classname="Tests.Unit.Models.CategoryTest" assertions="2" time="0.197907"/>
        <testcase name="it_can_search_categories_by_name" file="C:\Users\Gaser\Desktop\كوبرا\tests\Unit\Models\CategoryTest.php" line="70" class="Tests\Unit\Models\CategoryTest" classname="Tests.Unit.Models.CategoryTest" assertions="2" time="0.178223"/>
        <testcase name="it_can_restore_soft_deleted_category" file="C:\Users\Gaser\Desktop\كوبرا\tests\Unit\Models\CategoryTest.php" line="104" class="Tests\Unit\Models\CategoryTest" classname="Tests.Unit.Models.CategoryTest" assertions="1" time="0.177374"/>
        <testcase name="it_can_soft_delete_category" file="C:\Users\Gaser\Desktop\كوبرا\tests\Unit\Models\CategoryTest.php" line="94" class="Tests\Unit\Models\CategoryTest" classname="Tests.Unit.Models.CategoryTest" assertions="1" time="0.174867"/>
      </testsuite>
      <testsuite name="Tests\Unit\Controllers\WishlistControllerTest" file="C:\Users\Gaser\Desktop\كوبرا\tests\Unit\Controllers\WishlistControllerTest.php" tests="11" assertions="34" errors="0" failures="0" skipped="0" time="2.148161">
        <testcase name="it_validates_product_id_when_storing" file="C:\Users\Gaser\Desktop\كوبرا\tests\Unit\Controllers\WishlistControllerTest.php" line="108" class="Tests\Unit\Controllers\WishlistControllerTest" classname="Tests.Unit.Controllers.WishlistControllerTest" assertions="1" time="0.197935"/>
        <testcase name="it_loads_product_relationship_in_index" file="C:\Users\Gaser\Desktop\كوبرا\tests\Unit\Controllers\WishlistControllerTest.php" line="224" class="Tests\Unit\Controllers\WishlistControllerTest" classname="Tests.Unit.Controllers.WishlistControllerTest" assertions="2" time="0.215748"/>
        <testcase name="it_only_shows_current_user_wishlist_items" file="C:\Users\Gaser\Desktop\كوبرا\tests\Unit\Controllers\WishlistControllerTest.php" line="240" class="Tests\Unit\Controllers\WishlistControllerTest" classname="Tests.Unit.Controllers.WishlistControllerTest" assertions="3" time="0.209506"/>
        <testcase name="it_can_add_product_to_wishlist" file="C:\Users\Gaser\Desktop\كوبرا\tests\Unit\Controllers\WishlistControllerTest.php" line="63" class="Tests\Unit\Controllers\WishlistControllerTest" classname="Tests.Unit.Controllers.WishlistControllerTest" assertions="4" time="0.195916"/>
        <testcase name="it_returns_not_found_when_removing_non_existent_wishlist_item" file="C:\Users\Gaser\Desktop\كوبرا\tests\Unit\Controllers\WishlistControllerTest.php" line="156" class="Tests\Unit\Controllers\WishlistControllerTest" classname="Tests.Unit.Controllers.WishlistControllerTest" assertions="4" time="0.179014"/>
        <testcase name="it_can_toggle_product_in_wishlist_add" file="C:\Users\Gaser\Desktop\كوبرا\tests\Unit\Controllers\WishlistControllerTest.php" line="175" class="Tests\Unit\Controllers\WishlistControllerTest" classname="Tests.Unit.Controllers.WishlistControllerTest" assertions="4" time="0.179035"/>
        <testcase name="it_can_remove_product_from_wishlist" file="C:\Users\Gaser\Desktop\كوبرا\tests\Unit\Controllers\WishlistControllerTest.php" line="130" class="Tests\Unit\Controllers\WishlistControllerTest" classname="Tests.Unit.Controllers.WishlistControllerTest" assertions="4" time="0.194411"/>
        <testcase name="it_can_toggle_product_in_wishlist_remove" file="C:\Users\Gaser\Desktop\كوبرا\tests\Unit\Controllers\WishlistControllerTest.php" line="198" class="Tests\Unit\Controllers\WishlistControllerTest" classname="Tests.Unit.Controllers.WishlistControllerTest" assertions="4" time="0.206930"/>
        <testcase name="it_returns_exists_status_when_product_already_in_wishlist" file="C:\Users\Gaser\Desktop\كوبرا\tests\Unit\Controllers\WishlistControllerTest.php" line="86" class="Tests\Unit\Controllers\WishlistControllerTest" classname="Tests.Unit.Controllers.WishlistControllerTest" assertions="3" time="0.203523"/>
        <testcase name="it_can_display_wishlist_index" file="C:\Users\Gaser\Desktop\كوبرا\tests\Unit\Controllers\WishlistControllerTest.php" line="44" class="Tests\Unit\Controllers\WishlistControllerTest" classname="Tests.Unit.Controllers.WishlistControllerTest" assertions="4" time="0.188828"/>
        <testcase name="it_validates_product_exists_when_storing" file="C:\Users\Gaser\Desktop\كوبرا\tests\Unit\Controllers\WishlistControllerTest.php" line="118" class="Tests\Unit\Controllers\WishlistControllerTest" classname="Tests.Unit.Controllers.WishlistControllerTest" assertions="1" time="0.177314"/>
      </testsuite>
      <testsuite name="Tests\Unit\Models\StoreTest" file="C:\Users\Gaser\Desktop\كوبرا\tests\Unit\Models\StoreTest.php" tests="13" assertions="26" errors="0" failures="0" skipped="0" time="2.464745">
        <testcase name="it_can_validate_website_url_format" file="C:\Users\Gaser\Desktop\كوبرا\tests\Unit\Models\StoreTest.php" line="60" class="Tests\Unit\Models\StoreTest" classname="Tests.Unit.Models.StoreTest" assertions="2" time="0.191403"/>
        <testcase name="it_can_restore_soft_deleted_store" file="C:\Users\Gaser\Desktop\كوبرا\tests\Unit\Models\StoreTest.php" line="124" class="Tests\Unit\Models\StoreTest" classname="Tests.Unit.Models.StoreTest" assertions="1" time="0.178988"/>
        <testcase name="it_can_search_stores_by_name" file="C:\Users\Gaser\Desktop\كوبرا\tests\Unit\Models\StoreTest.php" line="90" class="Tests\Unit\Models\StoreTest" classname="Tests.Unit.Models.StoreTest" assertions="2" time="0.190640"/>
        <testcase name="it_can_scope_active_stores" file="C:\Users\Gaser\Desktop\كوبرا\tests\Unit\Models\StoreTest.php" line="78" class="Tests\Unit\Models\StoreTest" classname="Tests.Unit.Models.StoreTest" assertions="2" time="0.204017"/>
        <testcase name="it_can_validate_logo_url_format" file="C:\Users\Gaser\Desktop\كوبرا\tests\Unit\Models\StoreTest.php" line="69" class="Tests\Unit\Models\StoreTest" classname="Tests.Unit.Models.StoreTest" assertions="2" time="0.190524"/>
        <testcase name="it_can_validate_name_length" file="C:\Users\Gaser\Desktop\كوبرا\tests\Unit\Models\StoreTest.php" line="51" class="Tests\Unit\Models\StoreTest" classname="Tests.Unit.Models.StoreTest" assertions="2" time="0.176253"/>
        <testcase name="it_can_generate_affiliate_url" file="C:\Users\Gaser\Desktop\كوبرا\tests\Unit\Models\StoreTest.php" line="138" class="Tests\Unit\Models\StoreTest" classname="Tests.Unit.Models.StoreTest" assertions="1" time="0.192369"/>
        <testcase name="it_can_get_store_with_products_count" file="C:\Users\Gaser\Desktop\كوبرا\tests\Unit\Models\StoreTest.php" line="103" class="Tests\Unit\Models\StoreTest" classname="Tests.Unit.Models.StoreTest" assertions="1" time="0.182531"/>
        <testcase name="it_can_validate_required_fields" file="C:\Users\Gaser\Desktop\كوبرا\tests\Unit\Models\StoreTest.php" line="42" class="Tests\Unit\Models\StoreTest" classname="Tests.Unit.Models.StoreTest" assertions="2" time="0.177575"/>
        <testcase name="it_can_create_a_store" file="C:\Users\Gaser\Desktop\كوبرا\tests\Unit\Models\StoreTest.php" line="12" class="Tests\Unit\Models\StoreTest" classname="Tests.Unit.Models.StoreTest" assertions="6" time="0.219243"/>
        <testcase name="it_returns_original_url_when_no_affiliate_code" file="C:\Users\Gaser\Desktop\كوبرا\tests\Unit\Models\StoreTest.php" line="152" class="Tests\Unit\Models\StoreTest" classname="Tests.Unit.Models.StoreTest" assertions="1" time="0.197343"/>
        <testcase name="it_can_soft_delete_store" file="C:\Users\Gaser\Desktop\كوبرا\tests\Unit\Models\StoreTest.php" line="114" class="Tests\Unit\Models\StoreTest" classname="Tests.Unit.Models.StoreTest" assertions="1" time="0.177144"/>
        <testcase name="it_has_products_relationship" file="C:\Users\Gaser\Desktop\كوبرا\tests\Unit\Models\StoreTest.php" line="31" class="Tests\Unit\Models\StoreTest" classname="Tests.Unit.Models.StoreTest" assertions="3" time="0.186714"/>
      </testsuite>
      <testsuite name="Tests\Unit\Controllers\ProductControllerTest" file="C:\Users\Gaser\Desktop\كوبرا\tests\Unit\Controllers\ProductControllerTest.php" tests="8" assertions="18" errors="0" failures="0" skipped="0" time="1.534692">
        <testcase name="it_can_display_products_index" file="C:\Users\Gaser\Desktop\كوبرا\tests\Unit\Controllers\ProductControllerTest.php" line="24" class="Tests\Unit\Controllers\ProductControllerTest" classname="Tests.Unit.Controllers.ProductControllerTest" assertions="2" time="0.192754"/>
        <testcase name="it_can_show_product_by_slug" file="C:\Users\Gaser\Desktop\كوبرا\tests\Unit\Controllers\ProductControllerTest.php" line="33" class="Tests\Unit\Controllers\ProductControllerTest" classname="Tests.Unit.Controllers.ProductControllerTest" assertions="4" time="0.183591"/>
        <testcase name="it_throws_exception_for_non_existent_product" file="C:\Users\Gaser\Desktop\كوبرا\tests\Unit\Controllers\ProductControllerTest.php" line="48" class="Tests\Unit\Controllers\ProductControllerTest" classname="Tests.Unit.Controllers.ProductControllerTest" assertions="1" time="0.208762"/>
        <testcase name="it_returns_correct_view_data_structure" file="C:\Users\Gaser\Desktop\كوبرا\tests\Unit\Controllers\ProductControllerTest.php" line="56" class="Tests\Unit\Controllers\ProductControllerTest" classname="Tests.Unit.Controllers.ProductControllerTest" assertions="2" time="0.206750"/>
        <testcase name="it_can_show_products_with_special_characters_in_slug" file="C:\Users\Gaser\Desktop\كوبرا\tests\Unit\Controllers\ProductControllerTest.php" line="81" class="Tests\Unit\Controllers\ProductControllerTest" classname="Tests.Unit.Controllers.ProductControllerTest" assertions="2" time="0.189316"/>
        <testcase name="it_returns_product_with_all_attributes" file="C:\Users\Gaser\Desktop\كوبرا\tests\Unit\Controllers\ProductControllerTest.php" line="104" class="Tests\Unit\Controllers\ProductControllerTest" classname="Tests.Unit.Controllers.ProductControllerTest" assertions="4" time="0.184352"/>
        <testcase name="it_finds_product_by_exact_slug_match" file="C:\Users\Gaser\Desktop\كوبرا\tests\Unit\Controllers\ProductControllerTest.php" line="68" class="Tests\Unit\Controllers\ProductControllerTest" classname="Tests.Unit.Controllers.ProductControllerTest" assertions="2" time="0.186870"/>
        <testcase name="it_handles_case_sensitive_slug_search" file="C:\Users\Gaser\Desktop\كوبرا\tests\Unit\Controllers\ProductControllerTest.php" line="93" class="Tests\Unit\Controllers\ProductControllerTest" classname="Tests.Unit.Controllers.ProductControllerTest" assertions="1" time="0.182296"/>
      </testsuite>
      <testsuite name="Tests\Unit\Models\LanguageTest" file="C:\Users\Gaser\Desktop\كوبرا\tests\Unit\Models\LanguageTest.php" tests="16" assertions="36" errors="0" failures="0" skipped="0" time="3.047825">
        <testcase name="it_can_have_user_locale_settings" file="C:\Users\Gaser\Desktop\كوبرا\tests\Unit\Models\LanguageTest.php" line="139" class="Tests\Unit\Models\LanguageTest" classname="Tests.Unit.Models.LanguageTest" assertions="1" time="0.212470"/>
        <testcase name="it_can_set_direction" file="C:\Users\Gaser\Desktop\كوبرا\tests\Unit\Models\LanguageTest.php" line="165" class="Tests\Unit\Models\LanguageTest" classname="Tests.Unit.Models.LanguageTest" assertions="1" time="0.210016"/>
        <testcase name="it_can_have_currencies_relationship" file="C:\Users\Gaser\Desktop\كوبرا\tests\Unit\Models\LanguageTest.php" line="104" class="Tests\Unit\Models\LanguageTest" classname="Tests.Unit.Models.LanguageTest" assertions="1" time="0.181108"/>
        <testcase name="it_can_toggle_active_status" file="C:\Users\Gaser\Desktop\كوبرا\tests\Unit\Models\LanguageTest.php" line="181" class="Tests\Unit\Models\LanguageTest" classname="Tests.Unit.Models.LanguageTest" assertions="1" time="0.179128"/>
        <testcase name="it_can_create_default_language" file="C:\Users\Gaser\Desktop\كوبرا\tests\Unit\Models\LanguageTest.php" line="157" class="Tests\Unit\Models\LanguageTest" classname="Tests.Unit.Models.LanguageTest" assertions="1" time="0.177699"/>
        <testcase name="it_can_create_a_language" file="C:\Users\Gaser\Desktop\كوبرا\tests\Unit\Models\LanguageTest.php" line="14" class="Tests\Unit\Models\LanguageTest" classname="Tests.Unit.Models.LanguageTest" assertions="7" time="0.181454"/>
        <testcase name="it_can_create_language_with_factory" file="C:\Users\Gaser\Desktop\كوبرا\tests\Unit\Models\LanguageTest.php" line="35" class="Tests\Unit\Models\LanguageTest" classname="Tests.Unit.Models.LanguageTest" assertions="7" time="0.203111"/>
        <testcase name="it_can_create_english_language" file="C:\Users\Gaser\Desktop\كوبرا\tests\Unit\Models\LanguageTest.php" line="147" class="Tests\Unit\Models\LanguageTest" classname="Tests.Unit.Models.LanguageTest" assertions="3" time="0.205243"/>
        <testcase name="it_can_scope_ordered_languages" file="C:\Users\Gaser\Desktop\كوبرا\tests\Unit\Models\LanguageTest.php" line="90" class="Tests\Unit\Models\LanguageTest" classname="Tests.Unit.Models.LanguageTest" assertions="3" time="0.184514"/>
        <testcase name="it_can_check_if_rtl" file="C:\Users\Gaser\Desktop\كوبرا\tests\Unit\Models\LanguageTest.php" line="49" class="Tests\Unit\Models\LanguageTest" classname="Tests.Unit.Models.LanguageTest" assertions="2" time="0.177490"/>
        <testcase name="it_can_find_by_code" file="C:\Users\Gaser\Desktop\كوبرا\tests\Unit\Models\LanguageTest.php" line="59" class="Tests\Unit\Models\LanguageTest" classname="Tests.Unit.Models.LanguageTest" assertions="2" time="0.177738"/>
        <testcase name="it_returns_null_when_code_not_found" file="C:\Users\Gaser\Desktop\كوبرا\tests\Unit\Models\LanguageTest.php" line="70" class="Tests\Unit\Models\LanguageTest" classname="Tests.Unit.Models.LanguageTest" assertions="1" time="0.174337"/>
        <testcase name="it_returns_null_when_no_default_currency" file="C:\Users\Gaser\Desktop\كوبرا\tests\Unit\Models\LanguageTest.php" line="129" class="Tests\Unit\Models\LanguageTest" classname="Tests.Unit.Models.LanguageTest" assertions="1" time="0.190760"/>
        <testcase name="it_can_scope_active_languages" file="C:\Users\Gaser\Desktop\كوبرا\tests\Unit\Models\LanguageTest.php" line="78" class="Tests\Unit\Models\LanguageTest" classname="Tests.Unit.Models.LanguageTest" assertions="2" time="0.215024"/>
        <testcase name="it_can_get_default_currency" file="C:\Users\Gaser\Desktop\كوبرا\tests\Unit\Models\LanguageTest.php" line="115" class="Tests\Unit\Models\LanguageTest" classname="Tests.Unit.Models.LanguageTest" assertions="2" time="0.196351"/>
        <testcase name="it_can_set_sort_order" file="C:\Users\Gaser\Desktop\كوبرا\tests\Unit\Models\LanguageTest.php" line="173" class="Tests\Unit\Models\LanguageTest" classname="Tests.Unit.Models.LanguageTest" assertions="1" time="0.181383"/>
      </testsuite>
      <testsuite name="Tests\Unit\Providers\CoprraServiceProviderTest" file="C:\Users\Gaser\Desktop\كوبرا\tests\Unit\Providers\CoprraServiceProviderTest.php" tests="5" assertions="5" errors="0" failures="0" skipped="0" time="0.947743">
        <testcase name="it_can_boot_services" file="C:\Users\Gaser\Desktop\كوبرا\tests\Unit\Providers\CoprraServiceProviderTest.php" line="45" class="Tests\Unit\Providers\CoprraServiceProviderTest" classname="Tests.Unit.Providers.CoprraServiceProviderTest" assertions="1" time="0.176985"/>
        <testcase name="it_can_register_services" file="C:\Users\Gaser\Desktop\كوبرا\tests\Unit\Providers\CoprraServiceProviderTest.php" line="34" class="Tests\Unit\Providers\CoprraServiceProviderTest" classname="Tests.Unit.Providers.CoprraServiceProviderTest" assertions="1" time="0.180190"/>
        <testcase name="it_has_boot_method" file="C:\Users\Gaser\Desktop\كوبرا\tests\Unit\Providers\CoprraServiceProviderTest.php" line="27" class="Tests\Unit\Providers\CoprraServiceProviderTest" classname="Tests.Unit.Providers.CoprraServiceProviderTest" assertions="1" time="0.184652"/>
        <testcase name="it_can_be_instantiated" file="C:\Users\Gaser\Desktop\كوبرا\tests\Unit\Providers\CoprraServiceProviderTest.php" line="13" class="Tests\Unit\Providers\CoprraServiceProviderTest" classname="Tests.Unit.Providers.CoprraServiceProviderTest" assertions="1" time="0.208846"/>
        <testcase name="it_has_register_method" file="C:\Users\Gaser\Desktop\كوبرا\tests\Unit\Providers\CoprraServiceProviderTest.php" line="20" class="Tests\Unit\Providers\CoprraServiceProviderTest" classname="Tests.Unit.Providers.CoprraServiceProviderTest" assertions="1" time="0.197070"/>
      </testsuite>
      <testsuite name="Tests\Unit\Models\PriceAlertTest" file="C:\Users\Gaser\Desktop\كوبرا\tests\Unit\Models\PriceAlertTest.php" tests="14" assertions="27" errors="0" failures="0" skipped="0" time="2.752165">
        <testcase name="it_can_scope_active_alerts" file="C:\Users\Gaser\Desktop\كوبرا\tests\Unit\Models\PriceAlertTest.php" line="77" class="Tests\Unit\Models\PriceAlertTest" classname="Tests.Unit.Models.PriceAlertTest" assertions="2" time="0.184242"/>
        <testcase name="it_can_check_if_price_target_reached" file="C:\Users\Gaser\Desktop\كوبرا\tests\Unit\Models\PriceAlertTest.php" line="143" class="Tests\Unit\Models\PriceAlertTest" classname="Tests.Unit.Models.PriceAlertTest" assertions="2" time="0.184312"/>
        <testcase name="it_can_validate_required_fields" file="C:\Users\Gaser\Desktop\كوبرا\tests\Unit\Models\PriceAlertTest.php" line="48" class="Tests\Unit\Models\PriceAlertTest" classname="Tests.Unit.Models.PriceAlertTest" assertions="4" time="0.184397"/>
        <testcase name="it_can_create_a_price_alert" file="C:\Users\Gaser\Desktop\كوبرا\tests\Unit\Models\PriceAlertTest.php" line="13" class="Tests\Unit\Models\PriceAlertTest" classname="Tests.Unit.Models.PriceAlertTest" assertions="3" time="0.182396"/>
        <testcase name="it_can_soft_delete_price_alert" file="C:\Users\Gaser\Desktop\كوبرا\tests\Unit\Models\PriceAlertTest.php" line="119" class="Tests\Unit\Models\PriceAlertTest" classname="Tests.Unit.Models.PriceAlertTest" assertions="1" time="0.218476"/>
        <testcase name="it_has_user_relationship" file="C:\Users\Gaser\Desktop\كوبرا\tests\Unit\Models\PriceAlertTest.php" line="28" class="Tests\Unit\Models\PriceAlertTest" classname="Tests.Unit.Models.PriceAlertTest" assertions="2" time="0.224159"/>
        <testcase name="it_can_restore_soft_deleted_price_alert" file="C:\Users\Gaser\Desktop\كوبرا\tests\Unit\Models\PriceAlertTest.php" line="129" class="Tests\Unit\Models\PriceAlertTest" classname="Tests.Unit.Models.PriceAlertTest" assertions="1" time="0.202117"/>
        <testcase name="it_can_validate_target_price_is_numeric" file="C:\Users\Gaser\Desktop\كوبرا\tests\Unit\Models\PriceAlertTest.php" line="59" class="Tests\Unit\Models\PriceAlertTest" classname="Tests.Unit.Models.PriceAlertTest" assertions="2" time="0.187355"/>
        <testcase name="it_can_scope_alerts_for_product" file="C:\Users\Gaser\Desktop\كوبرا\tests\Unit\Models\PriceAlertTest.php" line="104" class="Tests\Unit\Models\PriceAlertTest" classname="Tests.Unit.Models.PriceAlertTest" assertions="2" time="0.196326"/>
        <testcase name="it_can_deactivate_alert" file="C:\Users\Gaser\Desktop\كوبرا\tests\Unit\Models\PriceAlertTest.php" line="162" class="Tests\Unit\Models\PriceAlertTest" classname="Tests.Unit.Models.PriceAlertTest" assertions="1" time="0.186014"/>
        <testcase name="it_can_activate_alert" file="C:\Users\Gaser\Desktop\كوبرا\tests\Unit\Models\PriceAlertTest.php" line="152" class="Tests\Unit\Models\PriceAlertTest" classname="Tests.Unit.Models.PriceAlertTest" assertions="1" time="0.225580"/>
        <testcase name="it_can_validate_target_price_is_positive" file="C:\Users\Gaser\Desktop\كوبرا\tests\Unit\Models\PriceAlertTest.php" line="68" class="Tests\Unit\Models\PriceAlertTest" classname="Tests.Unit.Models.PriceAlertTest" assertions="2" time="0.205315"/>
        <testcase name="it_has_product_relationship" file="C:\Users\Gaser\Desktop\كوبرا\tests\Unit\Models\PriceAlertTest.php" line="38" class="Tests\Unit\Models\PriceAlertTest" classname="Tests.Unit.Models.PriceAlertTest" assertions="2" time="0.184374"/>
        <testcase name="it_can_scope_alerts_for_user" file="C:\Users\Gaser\Desktop\كوبرا\tests\Unit\Models\PriceAlertTest.php" line="89" class="Tests\Unit\Models\PriceAlertTest" classname="Tests.Unit.Models.PriceAlertTest" assertions="2" time="0.187101"/>
      </testsuite>
      <testsuite name="Tests\Unit\Commands\StatsCommandTest" file="C:\Users\Gaser\Desktop\كوبرا\tests\Unit\Commands\StatsCommandTest.php" tests="3" assertions="3" errors="0" failures="0" skipped="0" time="0.613303">
        <testcase name="it_can_run_stats_command" file="C:\Users\Gaser\Desktop\كوبرا\tests\Unit\Commands\StatsCommandTest.php" line="19" class="Tests\Unit\Commands\StatsCommandTest" classname="Tests.Unit.Commands.StatsCommandTest" assertions="1" time="0.194207"/>
        <testcase name="it_displays_correct_statistics" file="C:\Users\Gaser\Desktop\كوبرا\tests\Unit\Commands\StatsCommandTest.php" line="26" class="Tests\Unit\Commands\StatsCommandTest" classname="Tests.Unit.Commands.StatsCommandTest" assertions="1" time="0.194753"/>
        <testcase name="it_handles_empty_database" file="C:\Users\Gaser\Desktop\كوبرا\tests\Unit\Commands\StatsCommandTest.php" line="55" class="Tests\Unit\Commands\StatsCommandTest" classname="Tests.Unit.Commands.StatsCommandTest" assertions="1" time="0.224343"/>
      </testsuite>
      <testsuite name="Tests\Unit\Controllers\BrandControllerTest" file="C:\Users\Gaser\Desktop\كوبرا\tests\Unit\Controllers\BrandControllerTest.php" tests="17" assertions="38" errors="0" failures="0" skipped="0" time="3.360304">
        <testcase name="it_loads_products_relationship_in_index" file="C:\Users\Gaser\Desktop\كوبرا\tests\Unit\Controllers\BrandControllerTest.php" line="53" class="Tests\Unit\Controllers\BrandControllerTest" classname="Tests.Unit.Controllers.BrandControllerTest" assertions="1" time="0.223883"/>
        <testcase name="it_paginates_brands_with_twenty_per_page" file="C:\Users\Gaser\Desktop\كوبرا\tests\Unit\Controllers\BrandControllerTest.php" line="40" class="Tests\Unit\Controllers\BrandControllerTest" classname="Tests.Unit.Controllers.BrandControllerTest" assertions="3" time="0.236445"/>
        <testcase name="it_handles_optional_fields" file="C:\Users\Gaser\Desktop\كوبرا\tests\Unit\Controllers\BrandControllerTest.php" line="271" class="Tests\Unit\Controllers\BrandControllerTest" classname="Tests.Unit.Controllers.BrandControllerTest" assertions="2" time="0.182931"/>
        <testcase name="it_can_display_brands_index" file="C:\Users\Gaser\Desktop\كوبرا\tests\Unit\Controllers\BrandControllerTest.php" line="26" class="Tests\Unit\Controllers\BrandControllerTest" classname="Tests.Unit.Controllers.BrandControllerTest" assertions="3" time="0.194311"/>
        <testcase name="it_can_show_create_form" file="C:\Users\Gaser\Desktop\كوبرا\tests\Unit\Controllers\BrandControllerTest.php" line="65" class="Tests\Unit\Controllers\BrandControllerTest" classname="Tests.Unit.Controllers.BrandControllerTest" assertions="2" time="0.186768"/>
        <testcase name="it_validates_unique_name_when_updating_excluding_current_brand" file="C:\Users\Gaser\Desktop\كوبرا\tests\Unit\Controllers\BrandControllerTest.php" line="194" class="Tests\Unit\Controllers\BrandControllerTest" classname="Tests.Unit.Controllers.BrandControllerTest" assertions="1" time="0.206043"/>
        <testcase name="it_validates_unique_slug_when_updating_excluding_current_brand" file="C:\Users\Gaser\Desktop\كوبرا\tests\Unit\Controllers\BrandControllerTest.php" line="211" class="Tests\Unit\Controllers\BrandControllerTest" classname="Tests.Unit.Controllers.BrandControllerTest" assertions="1" time="0.195068"/>
        <testcase name="it_force_deletes_brand" file="C:\Users\Gaser\Desktop\كوبرا\tests\Unit\Controllers\BrandControllerTest.php" line="241" class="Tests\Unit\Controllers\BrandControllerTest" classname="Tests.Unit.Controllers.BrandControllerTest" assertions="2" time="0.182632"/>
        <testcase name="it_can_show_brand_with_products" file="C:\Users\Gaser\Desktop\كوبرا\tests\Unit\Controllers\BrandControllerTest.php" line="137" class="Tests\Unit\Controllers\BrandControllerTest" classname="Tests.Unit.Controllers.BrandControllerTest" assertions="5" time="0.188888"/>
        <testcase name="it_validates_unique_slug_when_storing" file="C:\Users\Gaser\Desktop\كوبرا\tests\Unit\Controllers\BrandControllerTest.php" line="122" class="Tests\Unit\Controllers\BrandControllerTest" classname="Tests.Unit.Controllers.BrandControllerTest" assertions="1" time="0.236625"/>
        <testcase name="it_can_store_new_brand" file="C:\Users\Gaser\Desktop\كوبرا\tests\Unit\Controllers\BrandControllerTest.php" line="74" class="Tests\Unit\Controllers\BrandControllerTest" classname="Tests.Unit.Controllers.BrandControllerTest" assertions="3" time="0.191042"/>
        <testcase name="it_validates_required_fields_when_storing" file="C:\Users\Gaser\Desktop\كوبرا\tests\Unit\Controllers\BrandControllerTest.php" line="97" class="Tests\Unit\Controllers\BrandControllerTest" classname="Tests.Unit.Controllers.BrandControllerTest" assertions="1" time="0.213024"/>
        <testcase name="it_can_show_edit_form" file="C:\Users\Gaser\Desktop\كوبرا\tests\Unit\Controllers\BrandControllerTest.php" line="154" class="Tests\Unit\Controllers\BrandControllerTest" classname="Tests.Unit.Controllers.BrandControllerTest" assertions="3" time="0.190572"/>
        <testcase name="it_validates_url_formats" file="C:\Users\Gaser\Desktop\كوبرا\tests\Unit\Controllers\BrandControllerTest.php" line="256" class="Tests\Unit\Controllers\BrandControllerTest" classname="Tests.Unit.Controllers.BrandControllerTest" assertions="1" time="0.185494"/>
        <testcase name="it_can_update_brand" file="C:\Users\Gaser\Desktop\كوبرا\tests\Unit\Controllers\BrandControllerTest.php" line="168" class="Tests\Unit\Controllers\BrandControllerTest" classname="Tests.Unit.Controllers.BrandControllerTest" assertions="5" time="0.179912"/>
        <testcase name="it_can_delete_brand" file="C:\Users\Gaser\Desktop\كوبرا\tests\Unit\Controllers\BrandControllerTest.php" line="228" class="Tests\Unit\Controllers\BrandControllerTest" classname="Tests.Unit.Controllers.BrandControllerTest" assertions="3" time="0.180267"/>
        <testcase name="it_validates_unique_name_when_storing" file="C:\Users\Gaser\Desktop\كوبرا\tests\Unit\Controllers\BrandControllerTest.php" line="107" class="Tests\Unit\Controllers\BrandControllerTest" classname="Tests.Unit.Controllers.BrandControllerTest" assertions="1" time="0.186400"/>
      </testsuite>
      <testsuite name="Tests\Unit\AgentProposeFixCommandTest" file="C:\Users\Gaser\Desktop\كوبرا\tests\Unit\AgentProposeFixCommandTest.php" tests="16" assertions="29" errors="0" failures="0" skipped="0" time="3.017059">
        <testcase name="test_create_branch_method_accepts_only_branch_name" file="C:\Users\Gaser\Desktop\كوبرا\tests\Unit\AgentProposeFixCommandTest.php" line="95" class="Tests\Unit\AgentProposeFixCommandTest" classname="Tests.Unit.AgentProposeFixCommandTest" assertions="2" time="0.215497"/>
        <testcase name="test_it_generates_correct_commit_messages" file="C:\Users\Gaser\Desktop\كوبرا\tests\Unit\AgentProposeFixCommandTest.php" line="26" class="Tests\Unit\AgentProposeFixCommandTest" classname="Tests.Unit.AgentProposeFixCommandTest" assertions="3" time="0.206953"/>
        <testcase name="test_it_generates_correct_pr_bodies" file="C:\Users\Gaser\Desktop\كوبرا\tests\Unit\AgentProposeFixCommandTest.php" line="48" class="Tests\Unit\AgentProposeFixCommandTest" classname="Tests.Unit.AgentProposeFixCommandTest" assertions="3" time="0.172788"/>
        <testcase name="test_stage_changes_method_accepts_no_parameters" file="C:\Users\Gaser\Desktop\كوبرا\tests\Unit\AgentProposeFixCommandTest.php" line="133" class="Tests\Unit\AgentProposeFixCommandTest" classname="Tests.Unit.AgentProposeFixCommandTest" assertions="1" time="0.172715"/>
        <testcase name="test_it_has_correct_signature_and_description" file="C:\Users\Gaser\Desktop\كوبرا\tests\Unit\AgentProposeFixCommandTest.php" line="20" class="Tests\Unit\AgentProposeFixCommandTest" classname="Tests.Unit.AgentProposeFixCommandTest" assertions="2" time="0.182721"/>
        <testcase name="test_create_pull_request_method_accepts_branch_name_and_type" file="C:\Users\Gaser\Desktop\كوبرا\tests\Unit\AgentProposeFixCommandTest.php" line="162" class="Tests\Unit\AgentProposeFixCommandTest" classname="Tests.Unit.AgentProposeFixCommandTest" assertions="3" time="0.175959"/>
        <testcase name="test_commit_changes_method_accepts_only_type" file="C:\Users\Gaser\Desktop\كوبرا\tests\Unit\AgentProposeFixCommandTest.php" line="142" class="Tests\Unit\AgentProposeFixCommandTest" classname="Tests.Unit.AgentProposeFixCommandTest" assertions="2" time="0.213426"/>
        <testcase name="test_run_fixer_method_accepts_only_type" file="C:\Users\Gaser\Desktop\كوبرا\tests\Unit\AgentProposeFixCommandTest.php" line="105" class="Tests\Unit\AgentProposeFixCommandTest" classname="Tests.Unit.AgentProposeFixCommandTest" assertions="2" time="0.210058"/>
        <testcase name="test_handle_method_accepts_no_parameters" file="C:\Users\Gaser\Desktop\كوبرا\tests\Unit\AgentProposeFixCommandTest.php" line="86" class="Tests\Unit\AgentProposeFixCommandTest" classname="Tests.Unit.AgentProposeFixCommandTest" assertions="1" time="0.174549"/>
        <testcase name="test_command_has_correct_signature_property" file="C:\Users\Gaser\Desktop\كوبرا\tests\Unit\AgentProposeFixCommandTest.php" line="68" class="Tests\Unit\AgentProposeFixCommandTest" classname="Tests.Unit.AgentProposeFixCommandTest" assertions="1" time="0.176629"/>
        <testcase name="test_push_branch_method_accepts_only_branch_name" file="C:\Users\Gaser\Desktop\كوبرا\tests\Unit\AgentProposeFixCommandTest.php" line="152" class="Tests\Unit\AgentProposeFixCommandTest" classname="Tests.Unit.AgentProposeFixCommandTest" assertions="2" time="0.171310"/>
        <testcase name="test_run_style_fixer_method_accepts_no_parameters" file="C:\Users\Gaser\Desktop\كوبرا\tests\Unit\AgentProposeFixCommandTest.php" line="115" class="Tests\Unit\AgentProposeFixCommandTest" classname="Tests.Unit.AgentProposeFixCommandTest" assertions="1" time="0.179728"/>
        <testcase name="test_run_analysis_fixer_method_accepts_no_parameters" file="C:\Users\Gaser\Desktop\كوبرا\tests\Unit\AgentProposeFixCommandTest.php" line="124" class="Tests\Unit\AgentProposeFixCommandTest" classname="Tests.Unit.AgentProposeFixCommandTest" assertions="1" time="0.203844"/>
        <testcase name="test_command_extends_console_command" file="C:\Users\Gaser\Desktop\كوبرا\tests\Unit\AgentProposeFixCommandTest.php" line="63" class="Tests\Unit\AgentProposeFixCommandTest" classname="Tests.Unit.AgentProposeFixCommandTest" assertions="1" time="0.207173"/>
        <testcase name="test_command_has_correct_description_property" file="C:\Users\Gaser\Desktop\كوبرا\tests\Unit\AgentProposeFixCommandTest.php" line="77" class="Tests\Unit\AgentProposeFixCommandTest" classname="Tests.Unit.AgentProposeFixCommandTest" assertions="1" time="0.182021"/>
        <testcase name="test_it_generates_correct_pr_titles" file="C:\Users\Gaser\Desktop\كوبرا\tests\Unit\AgentProposeFixCommandTest.php" line="37" class="Tests\Unit\AgentProposeFixCommandTest" classname="Tests.Unit.AgentProposeFixCommandTest" assertions="3" time="0.171689"/>
      </testsuite>
      <testsuite name="Tests\Unit\StoreModelTest" file="C:\Users\Gaser\Desktop\كوبرا\tests\Unit\StoreModelTest.php" tests="2" assertions="2" errors="0" failures="0" skipped="0" time="0.346292">
        <testcase name="test_generate_affiliate_url_returns_original_url_when_no_config" file="C:\Users\Gaser\Desktop\كوبرا\tests\Unit\StoreModelTest.php" line="12" class="Tests\Unit\StoreModelTest" classname="Tests.Unit.StoreModelTest" assertions="1" time="0.174926"/>
        <testcase name="test_generate_affiliate_url_appends_affiliate_code" file="C:\Users\Gaser\Desktop\كوبرا\tests\Unit\StoreModelTest.php" line="19" class="Tests\Unit\StoreModelTest" classname="Tests.Unit.StoreModelTest" assertions="1" time="0.171367"/>
      </testsuite>
      <testsuite name="Tests\Unit\Controllers\HomeControllerTest" file="C:\Users\Gaser\Desktop\كوبرا\tests\Unit\Controllers\HomeControllerTest.php" tests="10" assertions="30" errors="0" failures="0" skipped="0" time="2.146098">
        <testcase name="it_limits_brands_to_eight" file="C:\Users\Gaser\Desktop\كوبرا\tests\Unit\Controllers\HomeControllerTest.php" line="113" class="Tests\Unit\Controllers\HomeControllerTest" classname="Tests.Unit.Controllers.HomeControllerTest" assertions="1" time="0.208651"/>
        <testcase name="it_orders_brands_by_products_count_desc" file="C:\Users\Gaser\Desktop\كوبرا\tests\Unit\Controllers\HomeControllerTest.php" line="140" class="Tests\Unit\Controllers\HomeControllerTest" classname="Tests.Unit.Controllers.HomeControllerTest" assertions="2" time="0.241782"/>
        <testcase name="it_limits_featured_products_to_eight" file="C:\Users\Gaser\Desktop\كوبرا\tests\Unit\Controllers\HomeControllerTest.php" line="91" class="Tests\Unit\Controllers\HomeControllerTest" classname="Tests.Unit.Controllers.HomeControllerTest" assertions="1" time="0.232005"/>
        <testcase name="it_limits_categories_to_six" file="C:\Users\Gaser\Desktop\كوبرا\tests\Unit\Controllers\HomeControllerTest.php" line="102" class="Tests\Unit\Controllers\HomeControllerTest" classname="Tests.Unit.Controllers.HomeControllerTest" assertions="1" time="0.176383"/>
        <testcase name="it_returns_featured_products" file="C:\Users\Gaser\Desktop\كوبرا\tests\Unit\Controllers\HomeControllerTest.php" line="39" class="Tests\Unit\Controllers\HomeControllerTest" classname="Tests.Unit.Controllers.HomeControllerTest" assertions="9" time="0.221745"/>
        <testcase name="it_loads_category_and_brand_relationships_for_products" file="C:\Users\Gaser\Desktop\كوبرا\tests\Unit\Controllers\HomeControllerTest.php" line="156" class="Tests\Unit\Controllers\HomeControllerTest" classname="Tests.Unit.Controllers.HomeControllerTest" assertions="6" time="0.196517"/>
        <testcase name="it_orders_categories_by_products_count_desc" file="C:\Users\Gaser\Desktop\كوبرا\tests\Unit\Controllers\HomeControllerTest.php" line="124" class="Tests\Unit\Controllers\HomeControllerTest" classname="Tests.Unit.Controllers.HomeControllerTest" assertions="2" time="0.238683"/>
        <testcase name="it_returns_active_brands_with_product_count" file="C:\Users\Gaser\Desktop\كوبرا\tests\Unit\Controllers\HomeControllerTest.php" line="73" class="Tests\Unit\Controllers\HomeControllerTest" classname="Tests.Unit.Controllers.HomeControllerTest" assertions="3" time="0.223841"/>
        <testcase name="it_can_display_home_page" file="C:\Users\Gaser\Desktop\كوبرا\tests\Unit\Controllers\HomeControllerTest.php" line="25" class="Tests\Unit\Controllers\HomeControllerTest" classname="Tests.Unit.Controllers.HomeControllerTest" assertions="2" time="0.212336"/>
        <testcase name="it_returns_active_categories_with_product_count" file="C:\Users\Gaser\Desktop\كوبرا\tests\Unit\Controllers\HomeControllerTest.php" line="55" class="Tests\Unit\Controllers\HomeControllerTest" classname="Tests.Unit.Controllers.HomeControllerTest" assertions="3" time="0.194155"/>
      </testsuite>
      <testsuite name="Tests\Unit\Models\BrandTest" file="C:\Users\Gaser\Desktop\كوبرا\tests\Unit\Models\BrandTest.php" tests="11" assertions="24" errors="0" failures="0" skipped="0" time="2.100641">
        <testcase name="it_can_get_brand_with_products_count" file="C:\Users\Gaser\Desktop\كوبرا\tests\Unit\Models\BrandTest.php" line="103" class="Tests\Unit\Models\BrandTest" classname="Tests.Unit.Models.BrandTest" assertions="1" time="0.201141"/>
        <testcase name="it_can_validate_required_fields" file="C:\Users\Gaser\Desktop\كوبرا\tests\Unit\Models\BrandTest.php" line="42" class="Tests\Unit\Models\BrandTest" classname="Tests.Unit.Models.BrandTest" assertions="2" time="0.183277"/>
        <testcase name="it_can_validate_name_length" file="C:\Users\Gaser\Desktop\كوبرا\tests\Unit\Models\BrandTest.php" line="51" class="Tests\Unit\Models\BrandTest" classname="Tests.Unit.Models.BrandTest" assertions="2" time="0.209002"/>
        <testcase name="it_can_create_a_brand" file="C:\Users\Gaser\Desktop\كوبرا\tests\Unit\Models\BrandTest.php" line="12" class="Tests\Unit\Models\BrandTest" classname="Tests.Unit.Models.BrandTest" assertions="6" time="0.193947"/>
        <testcase name="it_can_scope_active_brands" file="C:\Users\Gaser\Desktop\كوبرا\tests\Unit\Models\BrandTest.php" line="78" class="Tests\Unit\Models\BrandTest" classname="Tests.Unit.Models.BrandTest" assertions="2" time="0.177898"/>
        <testcase name="it_can_soft_delete_brand" file="C:\Users\Gaser\Desktop\كوبرا\tests\Unit\Models\BrandTest.php" line="114" class="Tests\Unit\Models\BrandTest" classname="Tests.Unit.Models.BrandTest" assertions="1" time="0.181329"/>
        <testcase name="it_can_validate_logo_url_format" file="C:\Users\Gaser\Desktop\كوبرا\tests\Unit\Models\BrandTest.php" line="69" class="Tests\Unit\Models\BrandTest" classname="Tests.Unit.Models.BrandTest" assertions="2" time="0.185816"/>
        <testcase name="it_can_validate_website_url_format" file="C:\Users\Gaser\Desktop\كوبرا\tests\Unit\Models\BrandTest.php" line="60" class="Tests\Unit\Models\BrandTest" classname="Tests.Unit.Models.BrandTest" assertions="2" time="0.177572"/>
        <testcase name="it_can_search_brands_by_name" file="C:\Users\Gaser\Desktop\كوبرا\tests\Unit\Models\BrandTest.php" line="90" class="Tests\Unit\Models\BrandTest" classname="Tests.Unit.Models.BrandTest" assertions="2" time="0.214315"/>
        <testcase name="it_has_products_relationship" file="C:\Users\Gaser\Desktop\كوبرا\tests\Unit\Models\BrandTest.php" line="31" class="Tests\Unit\Models\BrandTest" classname="Tests.Unit.Models.BrandTest" assertions="3" time="0.199756"/>
        <testcase name="it_can_restore_soft_deleted_brand" file="C:\Users\Gaser\Desktop\كوبرا\tests\Unit\Models\BrandTest.php" line="124" class="Tests\Unit\Models\BrandTest" classname="Tests.Unit.Models.BrandTest" assertions="1" time="0.176587"/>
      </testsuite>
      <testsuite name="Tests\Unit\Commands\UpdatePricesCommandTest" file="C:\Users\Gaser\Desktop\كوبرا\tests\Unit\Commands\UpdatePricesCommandTest.php" tests="4" assertions="5" errors="0" failures="0" skipped="0" time="0.757853">
        <testcase name="it_updates_prices_for_products" file="C:\Users\Gaser\Desktop\كوبرا\tests\Unit\Commands\UpdatePricesCommandTest.php" line="25" class="Tests\Unit\Commands\UpdatePricesCommandTest" classname="Tests.Unit.Commands.UpdatePricesCommandTest" assertions="2" time="0.194538"/>
        <testcase name="it_can_run_with_verbose_output" file="C:\Users\Gaser\Desktop\كوبرا\tests\Unit\Commands\UpdatePricesCommandTest.php" line="61" class="Tests\Unit\Commands\UpdatePricesCommandTest" classname="Tests.Unit.Commands.UpdatePricesCommandTest" assertions="1" time="0.175486"/>
        <testcase name="it_handles_empty_products_gracefully" file="C:\Users\Gaser\Desktop\كوبرا\tests\Unit\Commands\UpdatePricesCommandTest.php" line="54" class="Tests\Unit\Commands\UpdatePricesCommandTest" classname="Tests.Unit.Commands.UpdatePricesCommandTest" assertions="1" time="0.178791"/>
        <testcase name="it_can_run_update_prices_command" file="C:\Users\Gaser\Desktop\كوبرا\tests\Unit\Commands\UpdatePricesCommandTest.php" line="18" class="Tests\Unit\Commands\UpdatePricesCommandTest" classname="Tests.Unit.Commands.UpdatePricesCommandTest" assertions="1" time="0.209037"/>
      </testsuite>
      <testsuite name="Tests\Unit\Models\CurrencyTest" file="C:\Users\Gaser\Desktop\كوبرا\tests\Unit\Models\CurrencyTest.php" tests="16" assertions="30" errors="0" failures="0" skipped="0" time="3.238485">
        <testcase name="it_can_search_currencies_by_name" file="C:\Users\Gaser\Desktop\كوبرا\tests\Unit\Models\CurrencyTest.php" line="67" class="Tests\Unit\Models\CurrencyTest" classname="Tests.Unit.Models.CurrencyTest" assertions="2" time="0.199197"/>
        <testcase name="it_can_soft_delete_currency" file="C:\Users\Gaser\Desktop\كوبرا\tests\Unit\Models\CurrencyTest.php" line="129" class="Tests\Unit\Models\CurrencyTest" classname="Tests.Unit.Models.CurrencyTest" assertions="1" time="0.188727"/>
        <testcase name="it_can_check_if_currency_is_active" file="C:\Users\Gaser\Desktop\كوبرا\tests\Unit\Models\CurrencyTest.php" line="174" class="Tests\Unit\Models\CurrencyTest" classname="Tests.Unit.Models.CurrencyTest" assertions="2" time="0.172245"/>
        <testcase name="it_can_activate_currency" file="C:\Users\Gaser\Desktop\كوبرا\tests\Unit\Models\CurrencyTest.php" line="184" class="Tests\Unit\Models\CurrencyTest" classname="Tests.Unit.Models.CurrencyTest" assertions="1" time="0.175455"/>
        <testcase name="it_can_get_currency_by_code" file="C:\Users\Gaser\Desktop\كوبرا\tests\Unit\Models\CurrencyTest.php" line="79" class="Tests\Unit\Models\CurrencyTest" classname="Tests.Unit.Models.CurrencyTest" assertions="2" time="0.233621"/>
        <testcase name="it_can_validate_required_fields" file="C:\Users\Gaser\Desktop\كوبرا\tests\Unit\Models\CurrencyTest.php" line="30" class="Tests\Unit\Models\CurrencyTest" classname="Tests.Unit.Models.CurrencyTest" assertions="1" time="0.263908"/>
        <testcase name="it_can_set_exchange_rate" file="C:\Users\Gaser\Desktop\كوبرا\tests\Unit\Models\CurrencyTest.php" line="164" class="Tests\Unit\Models\CurrencyTest" classname="Tests.Unit.Models.CurrencyTest" assertions="1" time="0.201780"/>
        <testcase name="it_can_format_amount" file="C:\Users\Gaser\Desktop\كوبرا\tests\Unit\Models\CurrencyTest.php" line="102" class="Tests\Unit\Models\CurrencyTest" classname="Tests.Unit.Models.CurrencyTest" assertions="2" time="0.190725"/>
        <testcase name="it_can_get_exchange_rate" file="C:\Users\Gaser\Desktop\كوبرا\tests\Unit\Models\CurrencyTest.php" line="156" class="Tests\Unit\Models\CurrencyTest" classname="Tests.Unit.Models.CurrencyTest" assertions="1" time="0.206818"/>
        <testcase name="it_can_convert_to_another_currency" file="C:\Users\Gaser\Desktop\كوبرا\tests\Unit\Models\CurrencyTest.php" line="116" class="Tests\Unit\Models\CurrencyTest" classname="Tests.Unit.Models.CurrencyTest" assertions="4" time="0.203451"/>
        <testcase name="it_can_search_currencies_by_code" file="C:\Users\Gaser\Desktop\كوبرا\tests\Unit\Models\CurrencyTest.php" line="55" class="Tests\Unit\Models\CurrencyTest" classname="Tests.Unit.Models.CurrencyTest" assertions="2" time="0.214988"/>
        <testcase name="it_can_scope_active_currencies" file="C:\Users\Gaser\Desktop\كوبرا\tests\Unit\Models\CurrencyTest.php" line="43" class="Tests\Unit\Models\CurrencyTest" classname="Tests.Unit.Models.CurrencyTest" assertions="2" time="0.246765"/>
        <testcase name="it_can_restore_soft_deleted_currency" file="C:\Users\Gaser\Desktop\كوبرا\tests\Unit\Models\CurrencyTest.php" line="143" class="Tests\Unit\Models\CurrencyTest" classname="Tests.Unit.Models.CurrencyTest" assertions="1" time="0.199666"/>
        <testcase name="it_can_deactivate_currency" file="C:\Users\Gaser\Desktop\كوبرا\tests\Unit\Models\CurrencyTest.php" line="194" class="Tests\Unit\Models\CurrencyTest" classname="Tests.Unit.Models.CurrencyTest" assertions="1" time="0.186617"/>
        <testcase name="it_can_create_a_currency" file="C:\Users\Gaser\Desktop\كوبرا\tests\Unit\Models\CurrencyTest.php" line="13" class="Tests\Unit\Models\CurrencyTest" classname="Tests.Unit.Models.CurrencyTest" assertions="5" time="0.178536"/>
        <testcase name="it_can_get_default_currency" file="C:\Users\Gaser\Desktop\كوبرا\tests\Unit\Models\CurrencyTest.php" line="90" class="Tests\Unit\Models\CurrencyTest" classname="Tests.Unit.Models.CurrencyTest" assertions="2" time="0.175986"/>
      </testsuite>
      <testsuite name="Tests\Unit\Providers\AppServiceProviderTest" file="C:\Users\Gaser\Desktop\كوبرا\tests\Unit\Providers\AppServiceProviderTest.php" tests="5" assertions="5" errors="0" failures="0" skipped="0" time="0.968776">
        <testcase name="it_has_register_method" file="C:\Users\Gaser\Desktop\كوبرا\tests\Unit\Providers\AppServiceProviderTest.php" line="20" class="Tests\Unit\Providers\AppServiceProviderTest" classname="Tests.Unit.Providers.AppServiceProviderTest" assertions="1" time="0.178856"/>
        <testcase name="it_can_register_services" file="C:\Users\Gaser\Desktop\كوبرا\tests\Unit\Providers\AppServiceProviderTest.php" line="34" class="Tests\Unit\Providers\AppServiceProviderTest" classname="Tests.Unit.Providers.AppServiceProviderTest" assertions="1" time="0.208246"/>
        <testcase name="it_can_boot_services" file="C:\Users\Gaser\Desktop\كوبرا\tests\Unit\Providers\AppServiceProviderTest.php" line="45" class="Tests\Unit\Providers\AppServiceProviderTest" classname="Tests.Unit.Providers.AppServiceProviderTest" assertions="1" time="0.212286"/>
        <testcase name="it_can_be_instantiated" file="C:\Users\Gaser\Desktop\كوبرا\tests\Unit\Providers\AppServiceProviderTest.php" line="13" class="Tests\Unit\Providers\AppServiceProviderTest" classname="Tests.Unit.Providers.AppServiceProviderTest" assertions="1" time="0.175985"/>
        <testcase name="it_has_boot_method" file="C:\Users\Gaser\Desktop\كوبرا\tests\Unit\Providers\AppServiceProviderTest.php" line="27" class="Tests\Unit\Providers\AppServiceProviderTest" classname="Tests.Unit.Providers.AppServiceProviderTest" assertions="1" time="0.193403"/>
      </testsuite>
      <testsuite name="Tests\Unit\ExampleTest" file="C:\Users\Gaser\Desktop\كوبرا\tests\Unit\ExampleTest.php" tests="1" assertions="1" errors="0" failures="0" skipped="0" time="0.000116">
        <testcase name="test_that_true_is_true" file="C:\Users\Gaser\Desktop\كوبرا\tests\Unit\ExampleTest.php" line="14" class="Tests\Unit\ExampleTest" classname="Tests.Unit.ExampleTest" assertions="1" time="0.000116"/>
      </testsuite>
      <testsuite name="Tests\Unit\Models\ProductTest" file="C:\Users\Gaser\Desktop\كوبرا\tests\Unit\Models\ProductTest.php" tests="10" assertions="17" errors="0" failures="0" skipped="0" time="2.317103">
        <testcase name="it_has_store_relationship" file="C:\Users\Gaser\Desktop\كوبرا\tests\Unit\Models\ProductTest.php" line="52" class="Tests\Unit\Models\ProductTest" classname="Tests.Unit.Models.ProductTest" assertions="1" time="0.192890"/>
        <testcase name="it_can_scope_products_by_category" file="C:\Users\Gaser\Desktop\كوبرا\tests\Unit\Models\ProductTest.php" line="107" class="Tests\Unit\Models\ProductTest" classname="Tests.Unit.Models.ProductTest" assertions="3" time="0.212242"/>
        <testcase name="it_can_create_a_product" file="C:\Users\Gaser\Desktop\كوبرا\tests\Unit\Models\ProductTest.php" line="17" class="Tests\Unit\Models\ProductTest" classname="Tests.Unit.Models.ProductTest" assertions="3" time="0.249827"/>
        <testcase name="it_has_brand_relationship" file="C:\Users\Gaser\Desktop\كوبرا\tests\Unit\Models\ProductTest.php" line="38" class="Tests\Unit\Models\ProductTest" classname="Tests.Unit.Models.ProductTest" assertions="1" time="0.227203"/>
        <testcase name="it_can_scope_products_by_brand" file="C:\Users\Gaser\Desktop\كوبرا\tests\Unit\Models\ProductTest.php" line="92" class="Tests\Unit\Models\ProductTest" classname="Tests.Unit.Models.ProductTest" assertions="3" time="0.186683"/>
        <testcase name="it_has_wishlist_relationship" file="C:\Users\Gaser\Desktop\كوبرا\tests\Unit\Models\ProductTest.php" line="73" class="Tests\Unit\Models\ProductTest" classname="Tests.Unit.Models.ProductTest" assertions="1" time="0.212519"/>
        <testcase name="it_has_category_relationship" file="C:\Users\Gaser\Desktop\كوبرا\tests\Unit\Models\ProductTest.php" line="45" class="Tests\Unit\Models\ProductTest" classname="Tests.Unit.Models.ProductTest" assertions="1" time="0.278448"/>
        <testcase name="it_has_reviews_relationship" file="C:\Users\Gaser\Desktop\كوبرا\tests\Unit\Models\ProductTest.php" line="66" class="Tests\Unit\Models\ProductTest" classname="Tests.Unit.Models.ProductTest" assertions="1" time="0.222671"/>
        <testcase name="it_has_price_offers_relationship" file="C:\Users\Gaser\Desktop\كوبرا\tests\Unit\Models\ProductTest.php" line="59" class="Tests\Unit\Models\ProductTest" classname="Tests.Unit.Models.ProductTest" assertions="1" time="0.241672"/>
        <testcase name="it_can_scope_active_products" file="C:\Users\Gaser\Desktop\كوبرا\tests\Unit\Models\ProductTest.php" line="80" class="Tests\Unit\Models\ProductTest" classname="Tests.Unit.Models.ProductTest" assertions="2" time="0.292948"/>
      </testsuite>
      <testsuite name="Tests\Unit\Middleware\AdminMiddlewareTest" file="C:\Users\Gaser\Desktop\كوبرا\tests\Unit\Middleware\AdminMiddlewareTest.php" tests="3" assertions="3" errors="0" failures="0" skipped="0" time="0.619693">
        <testcase name="it_redirects_guests" file="C:\Users\Gaser\Desktop\كوبرا\tests\Unit\Middleware\AdminMiddlewareTest.php" line="50" class="Tests\Unit\Middleware\AdminMiddlewareTest" classname="Tests.Unit.Middleware.AdminMiddlewareTest" assertions="1" time="0.207923"/>
        <testcase name="it_blocks_non_admin_users" file="C:\Users\Gaser\Desktop\كوبرا\tests\Unit\Middleware\AdminMiddlewareTest.php" line="33" class="Tests\Unit\Middleware\AdminMiddlewareTest" classname="Tests.Unit.Middleware.AdminMiddlewareTest" assertions="1" time="0.185429"/>
        <testcase name="it_allows_admin_users" file="C:\Users\Gaser\Desktop\كوبرا\tests\Unit\Middleware\AdminMiddlewareTest.php" line="17" class="Tests\Unit\Middleware\AdminMiddlewareTest" classname="Tests.Unit.Middleware.AdminMiddlewareTest" assertions="1" time="0.226342"/>
      </testsuite>
      <testsuite name="Tests\Unit\Services\ProcessServiceTest" file="C:\Users\Gaser\Desktop\كوبرا\tests\Unit\Services\ProcessServiceTest.php" tests="11" assertions="22" errors="0" failures="0" skipped="0" time="2.151858">
        <testcase name="it_can_process_data" file="C:\Users\Gaser\Desktop\كوبرا\tests\Unit\Services\ProcessServiceTest.php" line="19" class="Tests\Unit\Services\ProcessServiceTest" classname="Tests.Unit.Services.ProcessServiceTest" assertions="3" time="0.223599"/>
        <testcase name="it_can_handle_processing_errors" file="C:\Users\Gaser\Desktop\كوبرا\tests\Unit\Services\ProcessServiceTest.php" line="92" class="Tests\Unit\Services\ProcessServiceTest" classname="Tests.Unit.Services.ProcessServiceTest" assertions="3" time="0.188037"/>
        <testcase name="it_can_clean_data" file="C:\Users\Gaser\Desktop\كوبرا\tests\Unit\Services\ProcessServiceTest.php" line="67" class="Tests\Unit\Services\ProcessServiceTest" classname="Tests.Unit.Services.ProcessServiceTest" assertions="2" time="0.179939"/>
        <testcase name="it_can_get_validation_errors" file="C:\Users\Gaser\Desktop\كوبرا\tests\Unit\Services\ProcessServiceTest.php" line="54" class="Tests\Unit\Services\ProcessServiceTest" classname="Tests.Unit.Services.ProcessServiceTest" assertions="2" time="0.205316"/>
        <testcase name="it_can_reset_service" file="C:\Users\Gaser\Desktop\كوبرا\tests\Unit\Services\ProcessServiceTest.php" line="116" class="Tests\Unit\Services\ProcessServiceTest" classname="Tests.Unit.Services.ProcessServiceTest" assertions="1" time="0.188442"/>
        <testcase name="it_can_get_processing_status" file="C:\Users\Gaser\Desktop\كوبرا\tests\Unit\Services\ProcessServiceTest.php" line="105" class="Tests\Unit\Services\ProcessServiceTest" classname="Tests.Unit.Services.ProcessServiceTest" assertions="2" time="0.200582"/>
        <testcase name="it_can_get_processing_metrics" file="C:\Users\Gaser\Desktop\كوبرا\tests\Unit\Services\ProcessServiceTest.php" line="127" class="Tests\Unit\Services\ProcessServiceTest" classname="Tests.Unit.Services.ProcessServiceTest" assertions="3" time="0.212057"/>
        <testcase name="it_can_validate_invalid_data" file="C:\Users\Gaser\Desktop\كوبرا\tests\Unit\Services\ProcessServiceTest.php" line="43" class="Tests\Unit\Services\ProcessServiceTest" classname="Tests.Unit.Services.ProcessServiceTest" assertions="1" time="0.198911"/>
        <testcase name="it_can_transform_data" file="C:\Users\Gaser\Desktop\كوبرا\tests\Unit\Services\ProcessServiceTest.php" line="79" class="Tests\Unit\Services\ProcessServiceTest" classname="Tests.Unit.Services.ProcessServiceTest" assertions="3" time="0.185419"/>
        <testcase name="it_can_validate_data" file="C:\Users\Gaser\Desktop\كوبرا\tests\Unit\Services\ProcessServiceTest.php" line="32" class="Tests\Unit\Services\ProcessServiceTest" classname="Tests.Unit.Services.ProcessServiceTest" assertions="1" time="0.191846"/>
        <testcase name="it_can_create_process_service_instance" file="C:\Users\Gaser\Desktop\كوبرا\tests\Unit\Services\ProcessServiceTest.php" line="11" class="Tests\Unit\Services\ProcessServiceTest" classname="Tests.Unit.Services.ProcessServiceTest" assertions="1" time="0.177709"/>
      </testsuite>
      <testsuite name="Tests\Unit\Controllers\CategoryControllerTest" file="C:\Users\Gaser\Desktop\كوبرا\tests\Unit\Controllers\CategoryControllerTest.php" tests="9" assertions="23" errors="0" failures="0" skipped="0" time="1.829540">
        <testcase name="it_can_display_categories_index" file="C:\Users\Gaser\Desktop\كوبرا\tests\Unit\Controllers\CategoryControllerTest.php" line="25" class="Tests\Unit\Controllers\CategoryControllerTest" classname="Tests.Unit.Controllers.CategoryControllerTest" assertions="2" time="0.212862"/>
        <testcase name="it_orders_products_by_latest" file="C:\Users\Gaser\Desktop\كوبرا\tests\Unit\Controllers\CategoryControllerTest.php" line="85" class="Tests\Unit\Controllers\CategoryControllerTest" classname="Tests.Unit.Controllers.CategoryControllerTest" assertions="2" time="0.212874"/>
        <testcase name="it_paginates_products_with_twelve_per_page" file="C:\Users\Gaser\Desktop\كوبرا\tests\Unit\Controllers\CategoryControllerTest.php" line="109" class="Tests\Unit\Controllers\CategoryControllerTest" classname="Tests.Unit.Controllers.CategoryControllerTest" assertions="3" time="0.241707"/>
        <testcase name="it_only_shows_active_products_in_category" file="C:\Users\Gaser\Desktop\كوبرا\tests\Unit\Controllers\CategoryControllerTest.php" line="61" class="Tests\Unit\Controllers\CategoryControllerTest" classname="Tests.Unit.Controllers.CategoryControllerTest" assertions="4" time="0.186387"/>
        <testcase name="it_can_show_category_by_slug" file="C:\Users\Gaser\Desktop\كوبرا\tests\Unit\Controllers\CategoryControllerTest.php" line="34" class="Tests\Unit\Controllers\CategoryControllerTest" classname="Tests.Unit.Controllers.CategoryControllerTest" assertions="4" time="0.192931"/>
        <testcase name="it_returns_correct_view_data_structure" file="C:\Users\Gaser\Desktop\كوبرا\tests\Unit\Controllers\CategoryControllerTest.php" line="126" class="Tests\Unit\Controllers\CategoryControllerTest" classname="Tests.Unit.Controllers.CategoryControllerTest" assertions="3" time="0.183695"/>
        <testcase name="it_handles_empty_category_products" file="C:\Users\Gaser\Desktop\كوبرا\tests\Unit\Controllers\CategoryControllerTest.php" line="143" class="Tests\Unit\Controllers\CategoryControllerTest" classname="Tests.Unit.Controllers.CategoryControllerTest" assertions="2" time="0.223018"/>
        <testcase name="it_finds_category_by_exact_slug_match" file="C:\Users\Gaser\Desktop\كوبرا\tests\Unit\Controllers\CategoryControllerTest.php" line="156" class="Tests\Unit\Controllers\CategoryControllerTest" classname="Tests.Unit.Controllers.CategoryControllerTest" assertions="2" time="0.202763"/>
        <testcase name="it_throws_exception_for_non_existent_category" file="C:\Users\Gaser\Desktop\كوبرا\tests\Unit\Controllers\CategoryControllerTest.php" line="53" class="Tests\Unit\Controllers\CategoryControllerTest" classname="Tests.Unit.Controllers.CategoryControllerTest" assertions="1" time="0.173303"/>
      </testsuite>
      <testsuite name="Tests\Unit\Models\PriceOfferTest" file="C:\Users\Gaser\Desktop\كوبرا\tests\Unit\Models\PriceOfferTest.php" tests="17" assertions="32" errors="0" failures="0" skipped="0" time="3.422591">
        <testcase name="it_can_validate_price_is_positive" file="C:\Users\Gaser\Desktop\كوبرا\tests\Unit\Models\PriceOfferTest.php" line="106" class="Tests\Unit\Models\PriceOfferTest" classname="Tests.Unit.Models.PriceOfferTest" assertions="2" time="0.182745"/>
        <testcase name="it_can_validate_price_is_numeric" file="C:\Users\Gaser\Desktop\كوبرا\tests\Unit\Models\PriceOfferTest.php" line="86" class="Tests\Unit\Models\PriceOfferTest" classname="Tests.Unit.Models.PriceOfferTest" assertions="2" time="0.186024"/>
        <testcase name="it_can_update_price" file="C:\Users\Gaser\Desktop\كوبرا\tests\Unit\Models\PriceOfferTest.php" line="326" class="Tests\Unit\Models\PriceOfferTest" classname="Tests.Unit.Models.PriceOfferTest" assertions="1" time="0.196275"/>
        <testcase name="it_can_mark_as_unavailable" file="C:\Users\Gaser\Desktop\كوبرا\tests\Unit\Models\PriceOfferTest.php" line="288" class="Tests\Unit\Models\PriceOfferTest" classname="Tests.Unit.Models.PriceOfferTest" assertions="1" time="0.232349"/>
        <testcase name="it_can_scope_offers_for_product" file="C:\Users\Gaser\Desktop\كوبرا\tests\Unit\Models\PriceOfferTest.php" line="172" class="Tests\Unit\Models\PriceOfferTest" classname="Tests.Unit.Models.PriceOfferTest" assertions="2" time="0.220517"/>
        <testcase name="it_has_product_relationship" file="C:\Users\Gaser\Desktop\كوبرا\tests\Unit\Models\PriceOfferTest.php" line="37" class="Tests\Unit\Models\PriceOfferTest" classname="Tests.Unit.Models.PriceOfferTest" assertions="2" time="0.206847"/>
        <testcase name="it_can_get_lowest_price_for_product" file="C:\Users\Gaser\Desktop\كوبرا\tests\Unit\Models\PriceOfferTest.php" line="230" class="Tests\Unit\Models\PriceOfferTest" classname="Tests.Unit.Models.PriceOfferTest" assertions="1" time="0.207260"/>
        <testcase name="it_can_mark_as_available" file="C:\Users\Gaser\Desktop\كوبرا\tests\Unit\Models\PriceOfferTest.php" line="307" class="Tests\Unit\Models\PriceOfferTest" classname="Tests.Unit.Models.PriceOfferTest" assertions="1" time="0.204685"/>
        <testcase name="it_can_validate_url_format" file="C:\Users\Gaser\Desktop\كوبرا\tests\Unit\Models\PriceOfferTest.php" line="125" class="Tests\Unit\Models\PriceOfferTest" classname="Tests.Unit.Models.PriceOfferTest" assertions="2" time="0.195046"/>
        <testcase name="it_can_get_best_offer_for_product" file="C:\Users\Gaser\Desktop\كوبرا\tests\Unit\Models\PriceOfferTest.php" line="258" class="Tests\Unit\Models\PriceOfferTest" classname="Tests.Unit.Models.PriceOfferTest" assertions="3" time="0.220197"/>
        <testcase name="it_can_scope_offers_for_store" file="C:\Users\Gaser\Desktop\كوبرا\tests\Unit\Models\PriceOfferTest.php" line="201" class="Tests\Unit\Models\PriceOfferTest" classname="Tests.Unit.Models.PriceOfferTest" assertions="2" time="0.202032"/>
        <testcase name="it_can_create_a_price_offer" file="C:\Users\Gaser\Desktop\كوبرا\tests\Unit\Models\PriceOfferTest.php" line="15" class="Tests\Unit\Models\PriceOfferTest" classname="Tests.Unit.Models.PriceOfferTest" assertions="6" time="0.179838"/>
        <testcase name="it_can_get_price_difference_percentage" file="C:\Users\Gaser\Desktop\كوبرا\tests\Unit\Models\PriceOfferTest.php" line="367" class="Tests\Unit\Models\PriceOfferTest" classname="Tests.Unit.Models.PriceOfferTest" assertions="1" time="0.182239"/>
        <testcase name="it_can_validate_required_fields" file="C:\Users\Gaser\Desktop\كوبرا\tests\Unit\Models\PriceOfferTest.php" line="73" class="Tests\Unit\Models\PriceOfferTest" classname="Tests.Unit.Models.PriceOfferTest" assertions="1" time="0.177021"/>
        <testcase name="it_has_store_relationship" file="C:\Users\Gaser\Desktop\كوبرا\tests\Unit\Models\PriceOfferTest.php" line="55" class="Tests\Unit\Models\PriceOfferTest" classname="Tests.Unit.Models.PriceOfferTest" assertions="2" time="0.196867"/>
        <testcase name="it_can_get_price_difference_from_original" file="C:\Users\Gaser\Desktop\كوبرا\tests\Unit\Models\PriceOfferTest.php" line="345" class="Tests\Unit\Models\PriceOfferTest" classname="Tests.Unit.Models.PriceOfferTest" assertions="1" time="0.225352"/>
        <testcase name="it_can_scope_available_offers" file="C:\Users\Gaser\Desktop\كوبرا\tests\Unit\Models\PriceOfferTest.php" line="144" class="Tests\Unit\Models\PriceOfferTest" classname="Tests.Unit.Models.PriceOfferTest" assertions="2" time="0.207298"/>
      </testsuite>
      <testsuite name="Tests\Unit\Models\UserTest" file="C:\Users\Gaser\Desktop\كوبرا\tests\Unit\Models\UserTest.php" tests="6" assertions="9" errors="0" failures="0" skipped="0" time="1.129576">
        <testcase name="it_can_check_if_user_is_admin" file="C:\Users\Gaser\Desktop\كوبرا\tests\Unit\Models\UserTest.php" line="26" class="Tests\Unit\Models\UserTest" classname="Tests.Unit.Models.UserTest" assertions="2" time="0.176065"/>
        <testcase name="it_has_wishlist_relationship" file="C:\Users\Gaser\Desktop\كوبرا\tests\Unit\Models\UserTest.php" line="36" class="Tests\Unit\Models\UserTest" classname="Tests.Unit.Models.UserTest" assertions="1" time="0.172867"/>
        <testcase name="it_can_create_a_user" file="C:\Users\Gaser\Desktop\كوبرا\tests\Unit\Models\UserTest.php" line="13" class="Tests\Unit\Models\UserTest" classname="Tests.Unit.Models.UserTest" assertions="3" time="0.191572"/>
        <testcase name="it_has_locale_setting_relationship" file="C:\Users\Gaser\Desktop\كوبرا\tests\Unit\Models\UserTest.php" line="57" class="Tests\Unit\Models\UserTest" classname="Tests.Unit.Models.UserTest" assertions="1" time="0.181506"/>
        <testcase name="it_has_reviews_relationship" file="C:\Users\Gaser\Desktop\كوبرا\tests\Unit\Models\UserTest.php" line="43" class="Tests\Unit\Models\UserTest" classname="Tests.Unit.Models.UserTest" assertions="1" time="0.212762"/>
        <testcase name="it_has_price_alerts_relationship" file="C:\Users\Gaser\Desktop\كوبرا\tests\Unit\Models\UserTest.php" line="50" class="Tests\Unit\Models\UserTest" classname="Tests.Unit.Models.UserTest" assertions="1" time="0.194802"/>
      </testsuite>
      <testsuite name="Tests\Unit\Models\WishlistTest" file="C:\Users\Gaser\Desktop\كوبرا\tests\Unit\Models\WishlistTest.php" tests="13" assertions="26" errors="0" failures="0" skipped="0" time="2.719257">
        <testcase name="it_has_product_relationship" file="C:\Users\Gaser\Desktop\كوبرا\tests\Unit\Models\WishlistTest.php" line="36" class="Tests\Unit\Models\WishlistTest" classname="Tests.Unit.Models.WishlistTest" assertions="2" time="0.207884"/>
        <testcase name="it_can_soft_delete_wishlist_item" file="C:\Users\Gaser\Desktop\كوبرا\tests\Unit\Models\WishlistTest.php" line="95" class="Tests\Unit\Models\WishlistTest" classname="Tests.Unit.Models.WishlistTest" assertions="1" time="0.219266"/>
        <testcase name="it_can_restore_soft_deleted_wishlist_item" file="C:\Users\Gaser\Desktop\كوبرا\tests\Unit\Models\WishlistTest.php" line="105" class="Tests\Unit\Models\WishlistTest" classname="Tests.Unit.Models.WishlistTest" assertions="1" time="0.182018"/>
        <testcase name="it_can_validate_required_fields" file="C:\Users\Gaser\Desktop\كوبرا\tests\Unit\Models\WishlistTest.php" line="46" class="Tests\Unit\Models\WishlistTest" classname="Tests.Unit.Models.WishlistTest" assertions="3" time="0.178208"/>
        <testcase name="it_can_scope_wishlist_for_user" file="C:\Users\Gaser\Desktop\كوبرا\tests\Unit\Models\WishlistTest.php" line="65" class="Tests\Unit\Models\WishlistTest" classname="Tests.Unit.Models.WishlistTest" assertions="2" time="0.232997"/>
        <testcase name="it_can_create_a_wishlist_item" file="C:\Users\Gaser\Desktop\كوبرا\tests\Unit\Models\WishlistTest.php" line="13" class="Tests\Unit\Models\WishlistTest" classname="Tests.Unit.Models.WishlistTest" assertions="2" time="0.208509"/>
        <testcase name="it_can_check_if_product_is_in_wishlist" file="C:\Users\Gaser\Desktop\كوبرا\tests\Unit\Models\WishlistTest.php" line="119" class="Tests\Unit\Models\WishlistTest" classname="Tests.Unit.Models.WishlistTest" assertions="2" time="0.191418"/>
        <testcase name="it_can_remove_product_from_wishlist" file="C:\Users\Gaser\Desktop\كوبرا\tests\Unit\Models\WishlistTest.php" line="150" class="Tests\Unit\Models\WishlistTest" classname="Tests.Unit.Models.WishlistTest" assertions="2" time="0.198736"/>
        <testcase name="it_has_user_relationship" file="C:\Users\Gaser\Desktop\كوبرا\tests\Unit\Models\WishlistTest.php" line="26" class="Tests\Unit\Models\WishlistTest" classname="Tests.Unit.Models.WishlistTest" assertions="2" time="0.180805"/>
        <testcase name="it_can_add_product_to_wishlist" file="C:\Users\Gaser\Desktop\كوبرا\tests\Unit\Models\WishlistTest.php" line="136" class="Tests\Unit\Models\WishlistTest" classname="Tests.Unit.Models.WishlistTest" assertions="4" time="0.184264"/>
        <testcase name="it_can_scope_wishlist_for_product" file="C:\Users\Gaser\Desktop\كوبرا\tests\Unit\Models\WishlistTest.php" line="80" class="Tests\Unit\Models\WishlistTest" classname="Tests.Unit.Models.WishlistTest" assertions="2" time="0.242958"/>
        <testcase name="it_can_validate_notes_length" file="C:\Users\Gaser\Desktop\كوبرا\tests\Unit\Models\WishlistTest.php" line="56" class="Tests\Unit\Models\WishlistTest" classname="Tests.Unit.Models.WishlistTest" assertions="2" time="0.295139"/>
        <testcase name="it_can_get_wishlist_count_for_user" file="C:\Users\Gaser\Desktop\كوبرا\tests\Unit\Models\WishlistTest.php" line="167" class="Tests\Unit\Models\WishlistTest" classname="Tests.Unit.Models.WishlistTest" assertions="1" time="0.197056"/>
      </testsuite>
      <testsuite name="Tests\Unit\Helpers\PriceHelperTest" file="C:\Users\Gaser\Desktop\كوبرا\tests\Unit\Helpers\PriceHelperTest.php" tests="32" assertions="33" errors="0" failures="0" skipped="0" time="6.213128">
        <testcase name="it_can_format_price_with_currency_symbol" file="C:\Users\Gaser\Desktop\كوبرا\tests\Unit\Helpers\PriceHelperTest.php" line="14" class="Tests\Unit\Helpers\PriceHelperTest" classname="Tests.Unit.Helpers.PriceHelperTest" assertions="1" time="0.196822"/>
        <testcase name="it_returns_zero_for_negative_original_price" file="C:\Users\Gaser\Desktop\كوبرا\tests\Unit\Helpers\PriceHelperTest.php" line="95" class="Tests\Unit\Helpers\PriceHelperTest" classname="Tests.Unit.Helpers.PriceHelperTest" assertions="1" time="0.189935"/>
        <testcase name="it_can_convert_usd_to_eur" file="C:\Users\Gaser\Desktop\كوبرا\tests\Unit\Helpers\PriceHelperTest.php" line="191" class="Tests\Unit\Helpers\PriceHelperTest" classname="Tests.Unit.Helpers.PriceHelperTest" assertions="1" time="0.210773"/>
        <testcase name="it_formats_price_difference_with_one_decimal" file="C:\Users\Gaser\Desktop\كوبرا\tests\Unit\Helpers\PriceHelperTest.php" line="127" class="Tests\Unit\Helpers\PriceHelperTest" classname="Tests.Unit.Helpers.PriceHelperTest" assertions="1" time="0.253694"/>
        <testcase name="it_formats_price_with_currency_code_when_currency_not_found" file="C:\Users\Gaser\Desktop\كوبرا\tests\Unit\Helpers\PriceHelperTest.php" line="42" class="Tests\Unit\Helpers\PriceHelperTest" classname="Tests.Unit.Helpers.PriceHelperTest" assertions="1" time="0.204414"/>
        <testcase name="it_formats_price_with_two_decimal_places" file="C:\Users\Gaser\Desktop\كوبرا\tests\Unit\Helpers\PriceHelperTest.php" line="50" class="Tests\Unit\Helpers\PriceHelperTest" classname="Tests.Unit.Helpers.PriceHelperTest" assertions="1" time="0.195580"/>
        <testcase name="it_can_format_price_range_with_same_prices" file="C:\Users\Gaser\Desktop\كوبرا\tests\Unit\Helpers\PriceHelperTest.php" line="256" class="Tests\Unit\Helpers\PriceHelperTest" classname="Tests.Unit.Helpers.PriceHelperTest" assertions="1" time="0.177790"/>
        <testcase name="it_returns_zero_for_same_prices" file="C:\Users\Gaser\Desktop\كوبرا\tests\Unit\Helpers\PriceHelperTest.php" line="79" class="Tests\Unit\Helpers\PriceHelperTest" classname="Tests.Unit.Helpers.PriceHelperTest" assertions="1" time="0.175983"/>
        <testcase name="it_returns_zero_for_zero_original_price" file="C:\Users\Gaser\Desktop\كوبرا\tests\Unit\Helpers\PriceHelperTest.php" line="87" class="Tests\Unit\Helpers\PriceHelperTest" classname="Tests.Unit.Helpers.PriceHelperTest" assertions="1" time="0.179661"/>
        <testcase name="it_can_get_price_difference_string_negative" file="C:\Users\Gaser\Desktop\كوبرا\tests\Unit\Helpers\PriceHelperTest.php" line="111" class="Tests\Unit\Helpers\PriceHelperTest" classname="Tests.Unit.Helpers.PriceHelperTest" assertions="1" time="0.213390"/>
        <testcase name="it_can_get_best_price_from_array" file="C:\Users\Gaser\Desktop\كوبرا\tests\Unit\Helpers\PriceHelperTest.php" line="165" class="Tests\Unit\Helpers\PriceHelperTest" classname="Tests.Unit.Helpers.PriceHelperTest" assertions="1" time="0.202099"/>
        <testcase name="it_formats_price_with_default_currency_when_none_specified" file="C:\Users\Gaser\Desktop\كوبرا\tests\Unit\Helpers\PriceHelperTest.php" line="27" class="Tests\Unit\Helpers\PriceHelperTest" classname="Tests.Unit.Helpers.PriceHelperTest" assertions="1" time="0.193056"/>
        <testcase name="it_handles_large_prices" file="C:\Users\Gaser\Desktop\كوبرا\tests\Unit\Helpers\PriceHelperTest.php" line="313" class="Tests\Unit\Helpers\PriceHelperTest" classname="Tests.Unit.Helpers.PriceHelperTest" assertions="1" time="0.173267"/>
        <testcase name="it_can_format_price_range_with_different_prices" file="C:\Users\Gaser\Desktop\كوبرا\tests\Unit\Helpers\PriceHelperTest.php" line="243" class="Tests\Unit\Helpers\PriceHelperTest" classname="Tests.Unit.Helpers.PriceHelperTest" assertions="1" time="0.175943"/>
        <testcase name="it_can_get_best_price_with_single_price" file="C:\Users\Gaser\Desktop\كوبرا\tests\Unit\Helpers\PriceHelperTest.php" line="183" class="Tests\Unit\Helpers\PriceHelperTest" classname="Tests.Unit.Helpers.PriceHelperTest" assertions="1" time="0.177789"/>
        <testcase name="it_can_convert_eur_to_usd" file="C:\Users\Gaser\Desktop\كوبرا\tests\Unit\Helpers\PriceHelperTest.php" line="203" class="Tests\Unit\Helpers\PriceHelperTest" classname="Tests.Unit.Helpers.PriceHelperTest" assertions="1" time="0.207521"/>
        <testcase name="it_can_calculate_price_difference_percentage" file="C:\Users\Gaser\Desktop\كوبرا\tests\Unit\Helpers\PriceHelperTest.php" line="63" class="Tests\Unit\Helpers\PriceHelperTest" classname="Tests.Unit.Helpers.PriceHelperTest" assertions="1" time="0.197007"/>
        <testcase name="it_handles_precise_calculations" file="C:\Users\Gaser\Desktop\كوبرا\tests\Unit\Helpers\PriceHelperTest.php" line="292" class="Tests\Unit\Helpers\PriceHelperTest" classname="Tests.Unit.Helpers.PriceHelperTest" assertions="1" time="0.193413"/>
        <testcase name="it_can_convert_to_egyptian_pounds" file="C:\Users\Gaser\Desktop\كوبرا\tests\Unit\Helpers\PriceHelperTest.php" line="231" class="Tests\Unit\Helpers\PriceHelperTest" classname="Tests.Unit.Helpers.PriceHelperTest" assertions="1" time="0.187277"/>
        <testcase name="it_returns_false_for_good_deal_with_empty_prices" file="C:\Users\Gaser\Desktop\كوبرا\tests\Unit\Helpers\PriceHelperTest.php" line="157" class="Tests\Unit\Helpers\PriceHelperTest" classname="Tests.Unit.Helpers.PriceHelperTest" assertions="1" time="0.178795"/>
        <testcase name="it_can_identify_good_deal" file="C:\Users\Gaser\Desktop\كوبرا\tests\Unit\Helpers\PriceHelperTest.php" line="135" class="Tests\Unit\Helpers\PriceHelperTest" classname="Tests.Unit.Helpers.PriceHelperTest" assertions="1" time="0.248043"/>
        <testcase name="it_returns_same_amount_for_same_currency" file="C:\Users\Gaser\Desktop\كوبرا\tests\Unit\Helpers\PriceHelperTest.php" line="215" class="Tests\Unit\Helpers\PriceHelperTest" classname="Tests.Unit.Helpers.PriceHelperTest" assertions="1" time="0.211475"/>
        <testcase name="it_calculates_negative_price_difference" file="C:\Users\Gaser\Desktop\كوبرا\tests\Unit\Helpers\PriceHelperTest.php" line="71" class="Tests\Unit\Helpers\PriceHelperTest" classname="Tests.Unit.Helpers.PriceHelperTest" assertions="1" time="0.199626"/>
        <testcase name="it_handles_very_small_prices" file="C:\Users\Gaser\Desktop\كوبرا\tests\Unit\Helpers\PriceHelperTest.php" line="300" class="Tests\Unit\Helpers\PriceHelperTest" classname="Tests.Unit.Helpers.PriceHelperTest" assertions="1" time="0.191267"/>
        <testcase name="it_returns_null_for_best_price_with_empty_array" file="C:\Users\Gaser\Desktop\كوبرا\tests\Unit\Helpers\PriceHelperTest.php" line="175" class="Tests\Unit\Helpers\PriceHelperTest" classname="Tests.Unit.Helpers.PriceHelperTest" assertions="1" time="0.176292"/>
        <testcase name="it_formats_price_range_with_currency_code_when_not_found" file="C:\Users\Gaser\Desktop\كوبرا\tests\Unit\Helpers\PriceHelperTest.php" line="269" class="Tests\Unit\Helpers\PriceHelperTest" classname="Tests.Unit.Helpers.PriceHelperTest" assertions="1" time="0.176913"/>
        <testcase name="it_can_get_price_difference_string_zero" file="C:\Users\Gaser\Desktop\كوبرا\tests\Unit\Helpers\PriceHelperTest.php" line="119" class="Tests\Unit\Helpers\PriceHelperTest" classname="Tests.Unit.Helpers.PriceHelperTest" assertions="1" time="0.171906"/>
        <testcase name="it_can_get_price_difference_string_positive" file="C:\Users\Gaser\Desktop\كوبرا\tests\Unit\Helpers\PriceHelperTest.php" line="103" class="Tests\Unit\Helpers\PriceHelperTest" classname="Tests.Unit.Helpers.PriceHelperTest" assertions="1" time="0.207042"/>
        <testcase name="it_can_identify_not_good_deal" file="C:\Users\Gaser\Desktop\كوبرا\tests\Unit\Helpers\PriceHelperTest.php" line="146" class="Tests\Unit\Helpers\PriceHelperTest" classname="Tests.Unit.Helpers.PriceHelperTest" assertions="1" time="0.196561"/>
        <testcase name="it_handles_unknown_currency_conversion" file="C:\Users\Gaser\Desktop\كوبرا\tests\Unit\Helpers\PriceHelperTest.php" line="223" class="Tests\Unit\Helpers\PriceHelperTest" classname="Tests.Unit.Helpers.PriceHelperTest" assertions="1" time="0.195937"/>
        <testcase name="it_calculates_good_deal_threshold_correctly" file="C:\Users\Gaser\Desktop\كوبرا\tests\Unit\Helpers\PriceHelperTest.php" line="326" class="Tests\Unit\Helpers\PriceHelperTest" classname="Tests.Unit.Helpers.PriceHelperTest" assertions="2" time="0.181996"/>
        <testcase name="it_formats_price_range_with_default_currency" file="C:\Users\Gaser\Desktop\كوبرا\tests\Unit\Helpers\PriceHelperTest.php" line="277" class="Tests\Unit\Helpers\PriceHelperTest" classname="Tests.Unit.Helpers.PriceHelperTest" assertions="1" time="0.171861"/>
      </testsuite>
      <testsuite name="Tests\Unit\Models\ReviewTest" file="C:\Users\Gaser\Desktop\كوبرا\tests\Unit\Models\ReviewTest.php" tests="15" assertions="31" errors="0" failures="0" skipped="0" time="2.965719">
        <testcase name="it_can_calculate_average_rating" file="C:\Users\Gaser\Desktop\كوبرا\tests\Unit\Models\ReviewTest.php" line="178" class="Tests\Unit\Models\ReviewTest" classname="Tests.Unit.Models.ReviewTest" assertions="1" time="0.181498"/>
        <testcase name="it_can_get_recent_reviews" file="C:\Users\Gaser\Desktop\كوبرا\tests\Unit\Models\ReviewTest.php" line="214" class="Tests\Unit\Models\ReviewTest" classname="Tests.Unit.Models.ReviewTest" assertions="1" time="0.206175"/>
        <testcase name="it_can_create_a_review" file="C:\Users\Gaser\Desktop\كوبرا\tests\Unit\Models\ReviewTest.php" line="15" class="Tests\Unit\Models\ReviewTest" classname="Tests.Unit.Models.ReviewTest" assertions="7" time="0.219236"/>
        <testcase name="it_can_get_review_text_attribute" file="C:\Users\Gaser\Desktop\كوبرا\tests\Unit\Models\ReviewTest.php" line="131" class="Tests\Unit\Models\ReviewTest" classname="Tests.Unit.Models.ReviewTest" assertions="1" time="0.195381"/>
        <testcase name="it_can_set_verified_purchase" file="C:\Users\Gaser\Desktop\كوبرا\tests\Unit\Models\ReviewTest.php" line="111" class="Tests\Unit\Models\ReviewTest" classname="Tests.Unit.Models.ReviewTest" assertions="1" time="0.181649"/>
        <testcase name="it_has_product_relationship" file="C:\Users\Gaser\Desktop\كوبرا\tests\Unit\Models\ReviewTest.php" line="58" class="Tests\Unit\Models\ReviewTest" classname="Tests.Unit.Models.ReviewTest" assertions="2" time="0.179805"/>
        <testcase name="it_can_set_helpful_votes" file="C:\Users\Gaser\Desktop\كوبرا\tests\Unit\Models\ReviewTest.php" line="119" class="Tests\Unit\Models\ReviewTest" classname="Tests.Unit.Models.ReviewTest" assertions="2" time="0.187037"/>
        <testcase name="it_can_validate_required_fields" file="C:\Users\Gaser\Desktop\كوبرا\tests\Unit\Models\ReviewTest.php" line="77" class="Tests\Unit\Models\ReviewTest" classname="Tests.Unit.Models.ReviewTest" assertions="1" time="0.180746"/>
        <testcase name="it_can_query_reviews_by_rating" file="C:\Users\Gaser\Desktop\كوبرا\tests\Unit\Models\ReviewTest.php" line="141" class="Tests\Unit\Models\ReviewTest" classname="Tests.Unit.Models.ReviewTest" assertions="2" time="0.238403"/>
        <testcase name="it_can_query_verified_purchase_reviews" file="C:\Users\Gaser\Desktop\كوبرا\tests\Unit\Models\ReviewTest.php" line="166" class="Tests\Unit\Models\ReviewTest" classname="Tests.Unit.Models.ReviewTest" assertions="2" time="0.209780"/>
        <testcase name="it_can_query_reviews_by_product" file="C:\Users\Gaser\Desktop\كوبرا\tests\Unit\Models\ReviewTest.php" line="153" class="Tests\Unit\Models\ReviewTest" classname="Tests.Unit.Models.ReviewTest" assertions="1" time="0.185776"/>
        <testcase name="it_has_user_relationship" file="C:\Users\Gaser\Desktop\كوبرا\tests\Unit\Models\ReviewTest.php" line="39" class="Tests\Unit\Models\ReviewTest" classname="Tests.Unit.Models.ReviewTest" assertions="2" time="0.189280"/>
        <testcase name="it_can_create_review_with_factory" file="C:\Users\Gaser\Desktop\كوبرا\tests\Unit\Models\ReviewTest.php" line="90" class="Tests\Unit\Models\ReviewTest" classname="Tests.Unit.Models.ReviewTest" assertions="6" time="0.183932"/>
        <testcase name="it_can_count_reviews_by_rating" file="C:\Users\Gaser\Desktop\كوبرا\tests\Unit\Models\ReviewTest.php" line="198" class="Tests\Unit\Models\ReviewTest" classname="Tests.Unit.Models.ReviewTest" assertions="1" time="0.197191"/>
        <testcase name="it_can_set_rating" file="C:\Users\Gaser\Desktop\كوبرا\tests\Unit\Models\ReviewTest.php" line="103" class="Tests\Unit\Models\ReviewTest" classname="Tests.Unit.Models.ReviewTest" assertions="1" time="0.229829"/>
      </testsuite>
      <testsuite name="Tests\Unit\ModelRelationsTest" file="C:\Users\Gaser\Desktop\كوبرا\tests\Unit\ModelRelationsTest.php" tests="12" assertions="29" errors="0" failures="0" skipped="0" time="2.258304">
        <testsuite name="Tests\Unit\ModelRelationsTest::test_model_relations_exist" tests="12" assertions="29" errors="0" failures="0" skipped="0" time="2.258304">
          <testcase name="test_model_relations_exist with data set &quot;PriceOffer&quot;" file="C:\Users\Gaser\Desktop\كوبرا\tests\Unit\ModelRelationsTest.php" line="26" class="Tests\Unit\ModelRelationsTest" classname="Tests.Unit.ModelRelationsTest" assertions="2" time="0.186108"/>
          <testcase name="test_model_relations_exist with data set &quot;UserLocaleSetting&quot;" file="C:\Users\Gaser\Desktop\كوبرا\tests\Unit\ModelRelationsTest.php" line="26" class="Tests\Unit\ModelRelationsTest" classname="Tests.Unit.ModelRelationsTest" assertions="3" time="0.175046"/>
          <testcase name="test_model_relations_exist with data set &quot;Store&quot;" file="C:\Users\Gaser\Desktop\كوبرا\tests\Unit\ModelRelationsTest.php" line="26" class="Tests\Unit\ModelRelationsTest" classname="Tests.Unit.ModelRelationsTest" assertions="2" time="0.179648"/>
          <testcase name="test_model_relations_exist with data set &quot;User&quot;" file="C:\Users\Gaser\Desktop\كوبرا\tests\Unit\ModelRelationsTest.php" line="26" class="Tests\Unit\ModelRelationsTest" classname="Tests.Unit.ModelRelationsTest" assertions="4" time="0.174985"/>
          <testcase name="test_model_relations_exist with data set &quot;Currency&quot;" file="C:\Users\Gaser\Desktop\كوبرا\tests\Unit\ModelRelationsTest.php" line="26" class="Tests\Unit\ModelRelationsTest" classname="Tests.Unit.ModelRelationsTest" assertions="2" time="0.197818"/>
          <testcase name="test_model_relations_exist with data set &quot;Wishlist&quot;" file="C:\Users\Gaser\Desktop\كوبرا\tests\Unit\ModelRelationsTest.php" line="26" class="Tests\Unit\ModelRelationsTest" classname="Tests.Unit.ModelRelationsTest" assertions="2" time="0.208270"/>
          <testcase name="test_model_relations_exist with data set &quot;Review&quot;" file="C:\Users\Gaser\Desktop\كوبرا\tests\Unit\ModelRelationsTest.php" line="26" class="Tests\Unit\ModelRelationsTest" classname="Tests.Unit.ModelRelationsTest" assertions="2" time="0.199960"/>
          <testcase name="test_model_relations_exist with data set &quot;PriceAlert&quot;" file="C:\Users\Gaser\Desktop\كوبرا\tests\Unit\ModelRelationsTest.php" line="26" class="Tests\Unit\ModelRelationsTest" classname="Tests.Unit.ModelRelationsTest" assertions="2" time="0.178566"/>
          <testcase name="test_model_relations_exist with data set &quot;Category&quot;" file="C:\Users\Gaser\Desktop\كوبرا\tests\Unit\ModelRelationsTest.php" line="26" class="Tests\Unit\ModelRelationsTest" classname="Tests.Unit.ModelRelationsTest" assertions="1" time="0.174329"/>
          <testcase name="test_model_relations_exist with data set &quot;Product&quot;" file="C:\Users\Gaser\Desktop\كوبرا\tests\Unit\ModelRelationsTest.php" line="26" class="Tests\Unit\ModelRelationsTest" classname="Tests.Unit.ModelRelationsTest" assertions="6" time="0.180232"/>
          <testcase name="test_model_relations_exist with data set &quot;Language&quot;" file="C:\Users\Gaser\Desktop\كوبرا\tests\Unit\ModelRelationsTest.php" line="26" class="Tests\Unit\ModelRelationsTest" classname="Tests.Unit.ModelRelationsTest" assertions="2" time="0.191397"/>
          <testcase name="test_model_relations_exist with data set &quot;Brand&quot;" file="C:\Users\Gaser\Desktop\كوبرا\tests\Unit\ModelRelationsTest.php" line="26" class="Tests\Unit\ModelRelationsTest" classname="Tests.Unit.ModelRelationsTest" assertions="1" time="0.211946"/>
        </testsuite>
      </testsuite>
      <testsuite name="Tests\Unit\Factories\FactoriesTest" file="C:\Users\Gaser\Desktop\كوبرا\tests\Unit\Factories\FactoriesTest.php" tests="22" assertions="85" errors="0" failures="0" skipped="0" time="4.652701">
        <testcase name="it_creates_valid_data_types" file="C:\Users\Gaser\Desktop\كوبرا\tests\Unit\Factories\FactoriesTest.php" line="345" class="Tests\Unit\Factories\FactoriesTest" classname="Tests.Unit.Factories.FactoriesTest" assertions="4" time="0.202839"/>
        <testcase name="it_creates_valid_urls" file="C:\Users\Gaser\Desktop\كوبرا\tests\Unit\Factories\FactoriesTest.php" line="375" class="Tests\Unit\Factories\FactoriesTest" classname="Tests.Unit.Factories.FactoriesTest" assertions="2" time="0.172220"/>
        <testcase name="it_can_create_review_with_factory" file="C:\Users\Gaser\Desktop\كوبرا\tests\Unit\Factories\FactoriesTest.php" line="182" class="Tests\Unit\Factories\FactoriesTest" classname="Tests.Unit.Factories.FactoriesTest" assertions="5" time="0.186767"/>
        <testcase name="it_can_create_category_with_factory" file="C:\Users\Gaser\Desktop\كوبرا\tests\Unit\Factories\FactoriesTest.php" line="65" class="Tests\Unit\Factories\FactoriesTest" classname="Tests.Unit.Factories.FactoriesTest" assertions="5" time="0.190380"/>
        <testcase name="it_creates_valid_email_addresses" file="C:\Users\Gaser\Desktop\كوبرا\tests\Unit\Factories\FactoriesTest.php" line="365" class="Tests\Unit\Factories\FactoriesTest" classname="Tests.Unit.Factories.FactoriesTest" assertions="3" time="0.204469"/>
        <testcase name="it_creates_unique_values_for_unique_fields" file="C:\Users\Gaser\Desktop\كوبرا\tests\Unit\Factories\FactoriesTest.php" line="316" class="Tests\Unit\Factories\FactoriesTest" classname="Tests.Unit.Factories.FactoriesTest" assertions="2" time="0.239939"/>
        <testcase name="it_creates_valid_price_ranges" file="C:\Users\Gaser\Desktop\كوبرا\tests\Unit\Factories\FactoriesTest.php" line="389" class="Tests\Unit\Factories\FactoriesTest" classname="Tests.Unit.Factories.FactoriesTest" assertions="2" time="0.205090"/>
        <testcase name="it_creates_valid_rating_ranges" file="C:\Users\Gaser\Desktop\كوبرا\tests\Unit\Factories\FactoriesTest.php" line="407" class="Tests\Unit\Factories\FactoriesTest" classname="Tests.Unit.Factories.FactoriesTest" assertions="4" time="0.183801"/>
        <testcase name="it_can_create_related_models_together" file="C:\Users\Gaser\Desktop\كوبرا\tests\Unit\Factories\FactoriesTest.php" line="326" class="Tests\Unit\Factories\FactoriesTest" classname="Tests.Unit.Factories.FactoriesTest" assertions="3" time="0.185783"/>
        <testcase name="it_can_create_multiple_users" file="C:\Users\Gaser\Desktop\كوبرا\tests\Unit\Factories\FactoriesTest.php" line="39" class="Tests\Unit\Factories\FactoriesTest" classname="Tests.Unit.Factories.FactoriesTest" assertions="4" time="0.201033"/>
        <testcase name="it_can_create_factories_with_states" file="C:\Users\Gaser\Desktop\كوبرا\tests\Unit\Factories\FactoriesTest.php" line="284" class="Tests\Unit\Factories\FactoriesTest" classname="Tests.Unit.Factories.FactoriesTest" assertions="3" time="0.179320"/>
        <testcase name="it_can_create_price_offer_with_factory" file="C:\Users\Gaser\Desktop\كوبرا\tests\Unit\Factories\FactoriesTest.php" line="155" class="Tests\Unit\Factories\FactoriesTest" classname="Tests.Unit.Factories.FactoriesTest" assertions="4" time="0.214262"/>
        <testcase name="it_can_create_factories_with_custom_attributes" file="C:\Users\Gaser\Desktop\كوبرا\tests\Unit\Factories\FactoriesTest.php" line="304" class="Tests\Unit\Factories\FactoriesTest" classname="Tests.Unit.Factories.FactoriesTest" assertions="2" time="0.570056"/>
        <testcase name="it_can_create_language_with_factory" file="C:\Users\Gaser\Desktop\كوبرا\tests\Unit\Factories\FactoriesTest.php" line="96" class="Tests\Unit\Factories\FactoriesTest" classname="Tests.Unit.Factories.FactoriesTest" assertions="7" time="0.181737"/>
        <testcase name="it_can_create_user_with_factory" file="C:\Users\Gaser\Desktop\كوبرا\tests\Unit\Factories\FactoriesTest.php" line="24" class="Tests\Unit\Factories\FactoriesTest" classname="Tests.Unit.Factories.FactoriesTest" assertions="5" time="0.178913"/>
        <testcase name="it_can_create_store_with_factory" file="C:\Users\Gaser\Desktop\كوبرا\tests\Unit\Factories\FactoriesTest.php" line="113" class="Tests\Unit\Factories\FactoriesTest" classname="Tests.Unit.Factories.FactoriesTest" assertions="6" time="0.191525"/>
        <testcase name="it_can_create_price_alert_with_factory" file="C:\Users\Gaser\Desktop\كوبرا\tests\Unit\Factories\FactoriesTest.php" line="237" class="Tests\Unit\Factories\FactoriesTest" classname="Tests.Unit.Factories.FactoriesTest" assertions="3" time="0.184507"/>
        <testcase name="it_can_create_user_locale_setting_with_factory" file="C:\Users\Gaser\Desktop\كوبرا\tests\Unit\Factories\FactoriesTest.php" line="264" class="Tests\Unit\Factories\FactoriesTest" classname="Tests.Unit.Factories.FactoriesTest" assertions="2" time="0.221887"/>
        <testcase name="it_can_create_brand_with_factory" file="C:\Users\Gaser\Desktop\كوبرا\tests\Unit\Factories\FactoriesTest.php" line="50" class="Tests\Unit\Factories\FactoriesTest" classname="Tests.Unit.Factories.FactoriesTest" assertions="5" time="0.199768"/>
        <testcase name="it_can_create_product_with_factory" file="C:\Users\Gaser\Desktop\كوبرا\tests\Unit\Factories\FactoriesTest.php" line="130" class="Tests\Unit\Factories\FactoriesTest" classname="Tests.Unit.Factories.FactoriesTest" assertions="6" time="0.183486"/>
        <testcase name="it_can_create_currency_with_factory" file="C:\Users\Gaser\Desktop\كوبرا\tests\Unit\Factories\FactoriesTest.php" line="80" class="Tests\Unit\Factories\FactoriesTest" classname="Tests.Unit.Factories.FactoriesTest" assertions="6" time="0.177761"/>
        <testcase name="it_can_create_wishlist_with_factory" file="C:\Users\Gaser\Desktop\كوبرا\tests\Unit\Factories\FactoriesTest.php" line="211" class="Tests\Unit\Factories\FactoriesTest" classname="Tests.Unit.Factories.FactoriesTest" assertions="2" time="0.197159"/>
      </testsuite>
      <testsuite name="Tests\Unit\Middleware\LocaleMiddlewareTest" file="C:\Users\Gaser\Desktop\كوبرا\tests\Unit\Middleware\LocaleMiddlewareTest.php" tests="3" assertions="6" errors="0" failures="0" skipped="0" time="0.592571">
        <testcase name="it_uses_default_locale_when_no_header" file="C:\Users\Gaser\Desktop\كوبرا\tests\Unit\Middleware\LocaleMiddlewareTest.php" line="40" class="Tests\Unit\Middleware\LocaleMiddlewareTest" classname="Tests.Unit.Middleware.LocaleMiddlewareTest" assertions="2" time="0.179059"/>
        <testcase name="it_sets_locale_from_request_header" file="C:\Users\Gaser\Desktop\كوبرا\tests\Unit\Middleware\LocaleMiddlewareTest.php" line="16" class="Tests\Unit\Middleware\LocaleMiddlewareTest" classname="Tests.Unit.Middleware.LocaleMiddlewareTest" assertions="2" time="0.213343"/>
        <testcase name="it_handles_invalid_locale" file="C:\Users\Gaser\Desktop\كوبرا\tests\Unit\Middleware\LocaleMiddlewareTest.php" line="54" class="Tests\Unit\Middleware\LocaleMiddlewareTest" classname="Tests.Unit.Middleware.LocaleMiddlewareTest" assertions="2" time="0.200169"/>
      </testsuite>
    </testsuite>
    <testsuite name="Performance" tests="8" assertions="36" errors="0" failures="0" skipped="0" time="16.627097">
      <testsuite name="Tests\Performance\PerformanceTest" file="C:\Users\Gaser\Desktop\كوبرا\tests\Performance\PerformanceTest.php" tests="8" assertions="36" errors="0" failures="0" skipped="0" time="16.627097">
        <testcase name="test_n_plus_one_query_prevention" file="C:\Users\Gaser\Desktop\كوبرا\tests\Performance\PerformanceTest.php" line="147" class="Tests\Performance\PerformanceTest" classname="Tests.Performance.PerformanceTest" assertions="6" time="2.117256"/>
        <testcase name="test_product_search_performance" file="C:\Users\Gaser\Desktop\كوبرا\tests\Performance\PerformanceTest.php" line="66" class="Tests\Performance\PerformanceTest" classname="Tests.Performance.PerformanceTest" assertions="2" time="2.031273"/>
        <testcase name="test_database_query_performance" file="C:\Users\Gaser\Desktop\كوبرا\tests\Performance\PerformanceTest.php" line="82" class="Tests\Performance\PerformanceTest" classname="Tests.Performance.PerformanceTest" assertions="5" time="2.180807"/>
        <testcase name="test_memory_usage_large_dataset" file="C:\Users\Gaser\Desktop\كوبرا\tests\Performance\PerformanceTest.php" line="263" class="Tests\Performance\PerformanceTest" classname="Tests.Performance.PerformanceTest" assertions="1" time="2.047639"/>
        <testcase name="test_product_listing_performance" file="C:\Users\Gaser\Desktop\كوبرا\tests\Performance\PerformanceTest.php" line="26" class="Tests\Performance\PerformanceTest" classname="Tests.Performance.PerformanceTest" assertions="5" time="2.082260"/>
        <testcase name="test_api_response_size" file="C:\Users\Gaser\Desktop\كوبرا\tests\Performance\PerformanceTest.php" line="335" class="Tests\Performance\PerformanceTest" classname="Tests.Performance.PerformanceTest" assertions="2" time="2.041159"/>
        <testcase name="test_concurrent_requests" file="C:\Users\Gaser\Desktop\كوبرا\tests\Performance\PerformanceTest.php" line="280" class="Tests\Performance\PerformanceTest" classname="Tests.Performance.PerformanceTest" assertions="11" time="2.092205"/>
        <testcase name="test_cache_performance" file="C:\Users\Gaser\Desktop\كوبرا\tests\Performance\PerformanceTest.php" line="305" class="Tests\Performance\PerformanceTest" classname="Tests.Performance.PerformanceTest" assertions="4" time="2.034497"/>
      </testsuite>
    </testsuite>
    <testsuite name="Feature" tests="176" assertions="458" errors="0" failures="0" skipped="0" time="38.235776">
      <testsuite name="Tests\Feature\Api\PriceSearchControllerTest" file="C:\Users\Gaser\Desktop\كوبرا\tests\Feature\Api\PriceSearchControllerTest.php" tests="3" assertions="22" errors="0" failures="0" skipped="0" time="0.570567">
        <testcase name="it_can_search_prices_by_product_name" file="C:\Users\Gaser\Desktop\كوبرا\tests\Feature\Api\PriceSearchControllerTest.php" line="18" class="Tests\Feature\Api\PriceSearchControllerTest" classname="Tests.Feature.Api.PriceSearchControllerTest" assertions="18" time="0.207349"/>
        <testcase name="it_handles_empty_search_query" file="C:\Users\Gaser\Desktop\كوبرا\tests\Feature\Api\PriceSearchControllerTest.php" line="80" class="Tests\Feature\Api\PriceSearchControllerTest" classname="Tests.Feature.Api.PriceSearchControllerTest" assertions="2" time="0.182214"/>
        <testcase name="it_returns_empty_results_for_non_existent_product" file="C:\Users\Gaser\Desktop\كوبرا\tests\Feature\Api\PriceSearchControllerTest.php" line="69" class="Tests\Feature\Api\PriceSearchControllerTest" classname="Tests.Feature.Api.PriceSearchControllerTest" assertions="2" time="0.181004"/>
      </testsuite>
      <testsuite name="Tests\Feature\Http\Controllers\ReviewControllerTest" file="C:\Users\Gaser\Desktop\كوبرا\tests\Feature\Http\Controllers\ReviewControllerTest.php" tests="5" assertions="13" errors="0" failures="0" skipped="0" time="1.005037">
        <testcase name="user_cannot_delete_other_users_review" file="C:\Users\Gaser\Desktop\كوبرا\tests\Feature\Http\Controllers\ReviewControllerTest.php" line="81" class="Tests\Feature\Http\Controllers\ReviewControllerTest" classname="Tests.Feature.Http.Controllers.ReviewControllerTest" assertions="2" time="0.198430"/>
        <testcase name="store_validates_required_fields" file="C:\Users\Gaser\Desktop\كوبرا\tests\Feature\Http\Controllers\ReviewControllerTest.php" line="47" class="Tests\Feature\Http\Controllers\ReviewControllerTest" classname="Tests.Feature.Http.Controllers.ReviewControllerTest" assertions="5" time="0.218044"/>
        <testcase name="store_validates_rating_range" file="C:\Users\Gaser\Desktop\كوبرا\tests\Feature\Http\Controllers\ReviewControllerTest.php" line="54" class="Tests\Feature\Http\Controllers\ReviewControllerTest" classname="Tests.Feature.Http.Controllers.ReviewControllerTest" assertions="2" time="0.220771"/>
        <testcase name="destroy_deletes_user_review" file="C:\Users\Gaser\Desktop\كوبرا\tests\Feature\Http\Controllers\ReviewControllerTest.php" line="70" class="Tests\Feature\Http\Controllers\ReviewControllerTest" classname="Tests.Feature.Http.Controllers.ReviewControllerTest" assertions="2" time="0.182079"/>
        <testcase name="store_creates_product_review" file="C:\Users\Gaser\Desktop\كوبرا\tests\Feature\Http\Controllers\ReviewControllerTest.php" line="24" class="Tests\Feature\Http\Controllers\ReviewControllerTest" classname="Tests.Feature.Http.Controllers.ReviewControllerTest" assertions="2" time="0.185713"/>
      </testsuite>
      <testsuite name="Tests\Feature\Integration\PriceSearchIntegrationTest" file="C:\Users\Gaser\Desktop\كوبرا\tests\Feature\Integration\PriceSearchIntegrationTest.php" tests="4" assertions="32" errors="0" failures="0" skipped="0" time="0.835184">
        <testcase name="it_can_handle_user_wishlist_integration" file="C:\Users\Gaser\Desktop\كوبرا\tests\Feature\Integration\PriceSearchIntegrationTest.php" line="93" class="Tests\Feature\Integration\PriceSearchIntegrationTest" classname="Tests.Feature.Integration.PriceSearchIntegrationTest" assertions="2" time="0.197828"/>
        <testcase name="it_can_handle_multi_language_integration" file="C:\Users\Gaser\Desktop\كوبرا\tests\Feature\Integration\PriceSearchIntegrationTest.php" line="172" class="Tests\Feature\Integration\PriceSearchIntegrationTest" classname="Tests.Feature.Integration.PriceSearchIntegrationTest" assertions="1" time="0.186436"/>
        <testcase name="it_can_search_prices_with_full_workflow" file="C:\Users\Gaser\Desktop\كوبرا\tests\Feature\Integration\PriceSearchIntegrationTest.php" line="19" class="Tests\Feature\Integration\PriceSearchIntegrationTest" classname="Tests.Feature.Integration.PriceSearchIntegrationTest" assertions="27" time="0.239386"/>
        <testcase name="it_can_handle_price_alerts_integration" file="C:\Users\Gaser\Desktop\كوبرا\tests\Feature\Integration\PriceSearchIntegrationTest.php" line="128" class="Tests\Feature\Integration\PriceSearchIntegrationTest" classname="Tests.Feature.Integration.PriceSearchIntegrationTest" assertions="2" time="0.211534"/>
      </testsuite>
      <testsuite name="Tests\Feature\Http\Controllers\ProductControllerTest" file="C:\Users\Gaser\Desktop\كوبرا\tests\Feature\Http\Controllers\ProductControllerTest.php" tests="11" assertions="27" errors="0" failures="0" skipped="0" time="2.267339">
        <testcase name="it_paginates_products" file="C:\Users\Gaser\Desktop\كوبرا\tests\Feature\Http\Controllers\ProductControllerTest.php" line="256" class="Tests\Feature\Http\Controllers\ProductControllerTest" classname="Tests.Feature.Http.Controllers.ProductControllerTest" assertions="4" time="0.204544"/>
        <testcase name="it_can_sort_products_by_price" file="C:\Users\Gaser\Desktop\كوبرا\tests\Feature\Http\Controllers\ProductControllerTest.php" line="196" class="Tests\Feature\Http\Controllers\ProductControllerTest" classname="Tests.Feature.Http.Controllers.ProductControllerTest" assertions="2" time="0.191488"/>
        <testcase name="it_loads_product_relationships" file="C:\Users\Gaser\Desktop\كوبرا\tests\Feature\Http\Controllers\ProductControllerTest.php" line="82" class="Tests\Feature\Http\Controllers\ProductControllerTest" classname="Tests.Feature.Http.Controllers.ProductControllerTest" assertions="4" time="0.193463"/>
        <testcase name="it_can_search_products" file="C:\Users\Gaser\Desktop\كوبرا\tests\Feature\Http\Controllers\ProductControllerTest.php" line="108" class="Tests\Feature\Http\Controllers\ProductControllerTest" classname="Tests.Feature.Http.Controllers.ProductControllerTest" assertions="2" time="0.222171"/>
        <testcase name="it_can_show_product_by_slug" file="C:\Users\Gaser\Desktop\كوبرا\tests\Feature\Http\Controllers\ProductControllerTest.php" line="26" class="Tests\Feature\Http\Controllers\ProductControllerTest" classname="Tests.Feature.Http.Controllers.ProductControllerTest" assertions="5" time="0.213254"/>
        <testcase name="it_returns_404_for_non_existent_product" file="C:\Users\Gaser\Desktop\كوبرا\tests\Feature\Http\Controllers\ProductControllerTest.php" line="53" class="Tests\Feature\Http\Controllers\ProductControllerTest" classname="Tests.Feature.Http.Controllers.ProductControllerTest" assertions="1" time="0.215148"/>
        <testcase name="it_can_filter_products_by_brand" file="C:\Users\Gaser\Desktop\كوبرا\tests\Feature\Http\Controllers\ProductControllerTest.php" line="167" class="Tests\Feature\Http\Controllers\ProductControllerTest" classname="Tests.Feature.Http.Controllers.ProductControllerTest" assertions="2" time="0.191869"/>
        <testcase name="it_can_display_products_index" file="C:\Users\Gaser\Desktop\كوبرا\tests\Feature\Http\Controllers\ProductControllerTest.php" line="17" class="Tests\Feature\Http\Controllers\ProductControllerTest" classname="Tests.Feature.Http.Controllers.ProductControllerTest" assertions="2" time="0.183914"/>
        <testcase name="it_returns_404_for_inactive_product" file="C:\Users\Gaser\Desktop\كوبرا\tests\Feature\Http\Controllers\ProductControllerTest.php" line="61" class="Tests\Feature\Http\Controllers\ProductControllerTest" classname="Tests.Feature.Http.Controllers.ProductControllerTest" assertions="1" time="0.216329"/>
        <testcase name="it_can_sort_products_by_name" file="C:\Users\Gaser\Desktop\كوبرا\tests\Feature\Http\Controllers\ProductControllerTest.php" line="226" class="Tests\Feature\Http\Controllers\ProductControllerTest" classname="Tests.Feature.Http.Controllers.ProductControllerTest" assertions="2" time="0.219366"/>
        <testcase name="it_can_filter_products_by_category" file="C:\Users\Gaser\Desktop\كوبرا\tests\Feature\Http\Controllers\ProductControllerTest.php" line="138" class="Tests\Feature\Http\Controllers\ProductControllerTest" classname="Tests.Feature.Http.Controllers.ProductControllerTest" assertions="2" time="0.215792"/>
      </testsuite>
      <testsuite name="Tests\Feature\Http\Controllers\WishlistControllerTest" file="C:\Users\Gaser\Desktop\كوبرا\tests\Feature\Http\Controllers\WishlistControllerTest.php" tests="16" assertions="43" errors="0" failures="0" skipped="0" time="3.132908">
        <testcase name="it_can_toggle_product_in_wishlist_add" file="C:\Users\Gaser\Desktop\كوبرا\tests\Feature\Http\Controllers\WishlistControllerTest.php" line="195" class="Tests\Feature\Http\Controllers\WishlistControllerTest" classname="Tests.Feature.Http.Controllers.WishlistControllerTest" assertions="3" time="0.188598"/>
        <testcase name="it_requires_authentication_to_add_to_wishlist" file="C:\Users\Gaser\Desktop\كوبرا\tests\Feature\Http\Controllers\WishlistControllerTest.php" line="75" class="Tests\Feature\Http\Controllers\WishlistControllerTest" classname="Tests.Feature.Http.Controllers.WishlistControllerTest" assertions="2" time="0.177470"/>
        <testcase name="it_validates_product_exists_when_adding" file="C:\Users\Gaser\Desktop\كوبرا\tests\Feature\Http\Controllers\WishlistControllerTest.php" line="96" class="Tests\Feature\Http\Controllers\WishlistControllerTest" classname="Tests.Feature.Http.Controllers.WishlistControllerTest" assertions="3" time="0.202870"/>
        <testcase name="it_requires_authentication_to_toggle_wishlist" file="C:\Users\Gaser\Desktop\كوبرا\tests\Feature\Http\Controllers\WishlistControllerTest.php" line="261" class="Tests\Feature\Http\Controllers\WishlistControllerTest" classname="Tests.Feature.Http.Controllers.WishlistControllerTest" assertions="2" time="0.179070"/>
        <testcase name="it_requires_authentication_to_remove_from_wishlist" file="C:\Users\Gaser\Desktop\كوبرا\tests\Feature\Http\Controllers\WishlistControllerTest.php" line="172" class="Tests\Feature\Http\Controllers\WishlistControllerTest" classname="Tests.Feature.Http.Controllers.WishlistControllerTest" assertions="2" time="0.212548"/>
        <testcase name="it_returns_exists_status_when_product_already_in_wishlist" file="C:\Users\Gaser\Desktop\كوبرا\tests\Feature\Http\Controllers\WishlistControllerTest.php" line="107" class="Tests\Feature\Http\Controllers\WishlistControllerTest" classname="Tests.Feature.Http.Controllers.WishlistControllerTest" assertions="2" time="0.212092"/>
        <testcase name="it_validates_product_id_when_adding" file="C:\Users\Gaser\Desktop\كوبرا\tests\Feature\Http\Controllers\WishlistControllerTest.php" line="87" class="Tests\Feature\Http\Controllers\WishlistControllerTest" classname="Tests.Feature.Http.Controllers.WishlistControllerTest" assertions="3" time="0.180793"/>
        <testcase name="it_validates_product_id_when_toggling" file="C:\Users\Gaser\Desktop\كوبرا\tests\Feature\Http\Controllers\WishlistControllerTest.php" line="273" class="Tests\Feature\Http\Controllers\WishlistControllerTest" classname="Tests.Feature.Http.Controllers.WishlistControllerTest" assertions="3" time="0.195890"/>
        <testcase name="it_can_display_wishlist_index" file="C:\Users\Gaser\Desktop\كوبرا\tests\Feature\Http\Controllers\WishlistControllerTest.php" line="25" class="Tests\Feature\Http\Controllers\WishlistControllerTest" classname="Tests.Feature.Http.Controllers.WishlistControllerTest" assertions="2" time="0.183693"/>
        <testcase name="it_returns_not_found_when_removing_non_existent_wishlist_item" file="C:\Users\Gaser\Desktop\كوبرا\tests\Feature\Http\Controllers\WishlistControllerTest.php" line="184" class="Tests\Feature\Http\Controllers\WishlistControllerTest" classname="Tests.Feature.Http.Controllers.WishlistControllerTest" assertions="3" time="0.183467"/>
        <testcase name="it_loads_product_relationship_in_index" file="C:\Users\Gaser\Desktop\كوبرا\tests\Feature\Http\Controllers\WishlistControllerTest.php" line="282" class="Tests\Feature\Http\Controllers\WishlistControllerTest" classname="Tests.Feature.Http.Controllers.WishlistControllerTest" assertions="4" time="0.228786"/>
        <testcase name="it_can_add_product_to_wishlist" file="C:\Users\Gaser\Desktop\كوبرا\tests\Feature\Http\Controllers\WishlistControllerTest.php" line="44" class="Tests\Feature\Http\Controllers\WishlistControllerTest" classname="Tests.Feature.Http.Controllers.WishlistControllerTest" assertions="3" time="0.210444"/>
        <testcase name="it_only_shows_current_user_wishlist_items" file="C:\Users\Gaser\Desktop\كوبرا\tests\Feature\Http\Controllers\WishlistControllerTest.php" line="312" class="Tests\Feature\Http\Controllers\WishlistControllerTest" classname="Tests.Feature.Http.Controllers.WishlistControllerTest" assertions="3" time="0.197773"/>
        <testcase name="it_requires_authentication_to_view_wishlist" file="C:\Users\Gaser\Desktop\كوبرا\tests\Feature\Http\Controllers\WishlistControllerTest.php" line="34" class="Tests\Feature\Http\Controllers\WishlistControllerTest" classname="Tests.Feature.Http.Controllers.WishlistControllerTest" assertions="2" time="0.203032"/>
        <testcase name="it_can_toggle_product_in_wishlist_remove" file="C:\Users\Gaser\Desktop\كوبرا\tests\Feature\Http\Controllers\WishlistControllerTest.php" line="226" class="Tests\Feature\Http\Controllers\WishlistControllerTest" classname="Tests.Feature.Http.Controllers.WishlistControllerTest" assertions="3" time="0.186099"/>
        <testcase name="it_can_remove_product_from_wishlist" file="C:\Users\Gaser\Desktop\كوبرا\tests\Feature\Http\Controllers\WishlistControllerTest.php" line="137" class="Tests\Feature\Http\Controllers\WishlistControllerTest" classname="Tests.Feature.Http.Controllers.WishlistControllerTest" assertions="3" time="0.190282"/>
      </testsuite>
      <testsuite name="Tests\Feature\ExampleTest" file="C:\Users\Gaser\Desktop\كوبرا\tests\Feature\ExampleTest.php" tests="1" assertions="1" errors="0" failures="0" skipped="0" time="0.221641">
        <testcase name="test_the_application_returns_a_successful_response" file="C:\Users\Gaser\Desktop\كوبرا\tests\Feature\ExampleTest.php" line="15" class="Tests\Feature\ExampleTest" classname="Tests.Feature.ExampleTest" assertions="1" time="0.221641"/>
      </testsuite>
      <testsuite name="Tests\Feature\Security\SecurityTest" file="C:\Users\Gaser\Desktop\كوبرا\tests\Feature\Security\SecurityTest.php" tests="11" assertions="16" errors="0" failures="0" skipped="0" time="2.251554">
        <testcase name="it_prevents_directory_traversal" file="C:\Users\Gaser\Desktop\كوبرا\tests\Feature\Security\SecurityTest.php" line="114" class="Tests\Feature\Security\SecurityTest" classname="Tests.Feature.Security.SecurityTest" assertions="2" time="0.217191"/>
        <testcase name="it_prevents_csrf_attacks" file="C:\Users\Gaser\Desktop\كوبرا\tests\Feature\Security\SecurityTest.php" line="43" class="Tests\Feature\Security\SecurityTest" classname="Tests.Feature.Security.SecurityTest" assertions="1" time="0.189112"/>
        <testcase name="it_prevents_unauthorized_access_to_admin_routes" file="C:\Users\Gaser\Desktop\كوبرا\tests\Feature\Security\SecurityTest.php" line="140" class="Tests\Feature\Security\SecurityTest" classname="Tests.Feature.Security.SecurityTest" assertions="1" time="0.178276"/>
        <testcase name="it_prevents_xss_attacks" file="C:\Users\Gaser\Desktop\كوبرا\tests\Feature\Security\SecurityTest.php" line="27" class="Tests\Feature\Security\SecurityTest" classname="Tests.Feature.Security.SecurityTest" assertions="2" time="0.180160"/>
        <testcase name="it_handles_rate_limiting" file="C:\Users\Gaser\Desktop\كوبرا\tests\Feature\Security\SecurityTest.php" line="97" class="Tests\Feature\Security\SecurityTest" classname="Tests.Feature.Security.SecurityTest" assertions="1" time="0.242267"/>
        <testcase name="it_validates_file_upload_security" file="C:\Users\Gaser\Desktop\كوبرا\tests\Feature\Security\SecurityTest.php" line="123" class="Tests\Feature\Security\SecurityTest" classname="Tests.Feature.Security.SecurityTest" assertions="1" time="0.267043"/>
        <testcase name="it_prevents_mass_assignment" file="C:\Users\Gaser\Desktop\كوبرا\tests\Feature\Security\SecurityTest.php" line="76" class="Tests\Feature\Security\SecurityTest" classname="Tests.Feature.Security.SecurityTest" assertions="2" time="0.217401"/>
        <testcase name="it_requires_authentication_for_protected_routes" file="C:\Users\Gaser\Desktop\كوبرا\tests\Feature\Security\SecurityTest.php" line="36" class="Tests\Feature\Security\SecurityTest" classname="Tests.Feature.Security.SecurityTest" assertions="1" time="0.179772"/>
        <testcase name="it_prevents_sql_injection_in_search" file="C:\Users\Gaser\Desktop\كوبرا\tests\Feature\Security\SecurityTest.php" line="14" class="Tests\Feature\Security\SecurityTest" classname="Tests.Feature.Security.SecurityTest" assertions="2" time="0.182042"/>
        <testcase name="it_validates_session_security" file="C:\Users\Gaser\Desktop\كوبرا\tests\Feature\Security\SecurityTest.php" line="150" class="Tests\Feature\Security\SecurityTest" classname="Tests.Feature.Security.SecurityTest" assertions="1" time="0.202413"/>
        <testcase name="it_validates_input_sanitization" file="C:\Users\Gaser\Desktop\كوبرا\tests\Feature\Security\SecurityTest.php" line="67" class="Tests\Feature\Security\SecurityTest" classname="Tests.Feature.Security.SecurityTest" assertions="2" time="0.195877"/>
      </testsuite>
      <testsuite name="Tests\Feature\BrandControllerTest" file="C:\Users\Gaser\Desktop\كوبرا\tests\Feature\BrandControllerTest.php" tests="15" assertions="37" errors="0" failures="0" skipped="0" time="2.955168">
        <testcase name="store_creates_brand" file="C:\Users\Gaser\Desktop\كوبرا\tests\Feature\BrandControllerTest.php" line="43" class="Tests\Feature\BrandControllerTest" classname="Tests.Feature.BrandControllerTest" assertions="3" time="0.222444"/>
        <testcase name="create_requires_authentication" file="C:\Users\Gaser\Desktop\كوبرا\tests\Feature\BrandControllerTest.php" line="157" class="Tests\Feature\BrandControllerTest" classname="Tests.Feature.BrandControllerTest" assertions="2" time="0.193885"/>
        <testcase name="update_modifies_brand" file="C:\Users\Gaser\Desktop\كوبرا\tests\Feature\BrandControllerTest.php" line="109" class="Tests\Feature\BrandControllerTest" classname="Tests.Feature.BrandControllerTest" assertions="3" time="0.188921"/>
        <testcase name="destroy_deletes_brand" file="C:\Users\Gaser\Desktop\كوبرا\tests\Feature\BrandControllerTest.php" line="135" class="Tests\Feature\BrandControllerTest" classname="Tests.Feature.BrandControllerTest" assertions="3" time="0.186012"/>
        <testcase name="destroy_requires_authentication" file="C:\Users\Gaser\Desktop\كوبرا\tests\Feature\BrandControllerTest.php" line="203" class="Tests\Feature\BrandControllerTest" classname="Tests.Feature.BrandControllerTest" assertions="2" time="0.178764"/>
        <testcase name="edit_displays_form" file="C:\Users\Gaser\Desktop\كوبرا\tests\Feature\BrandControllerTest.php" line="94" class="Tests\Feature\BrandControllerTest" classname="Tests.Feature.BrandControllerTest" assertions="3" time="0.224860"/>
        <testcase name="store_requires_authentication" file="C:\Users\Gaser\Desktop\كوبرا\tests\Feature\BrandControllerTest.php" line="165" class="Tests\Feature\BrandControllerTest" classname="Tests.Feature.BrandControllerTest" assertions="2" time="0.199835"/>
        <testcase name="update_requires_authentication" file="C:\Users\Gaser\Desktop\كوبرا\tests\Feature\BrandControllerTest.php" line="193" class="Tests\Feature\BrandControllerTest" classname="Tests.Feature.BrandControllerTest" assertions="2" time="0.193107"/>
        <testcase name="index_displays_brands" file="C:\Users\Gaser\Desktop\كوبرا\tests\Feature\BrandControllerTest.php" line="16" class="Tests\Feature\BrandControllerTest" classname="Tests.Feature.BrandControllerTest" assertions="3" time="0.187979"/>
        <testcase name="show_displays_brand" file="C:\Users\Gaser\Desktop\كوبرا\tests\Feature\BrandControllerTest.php" line="78" class="Tests\Feature\BrandControllerTest" classname="Tests.Feature.BrandControllerTest" assertions="3" time="0.202507"/>
        <testcase name="store_validates_required_fields" file="C:\Users\Gaser\Desktop\كوبرا\tests\Feature\BrandControllerTest.php" line="67" class="Tests\Feature\BrandControllerTest" classname="Tests.Feature.BrandControllerTest" assertions="3" time="0.180711"/>
        <testcase name="create_displays_form" file="C:\Users\Gaser\Desktop\كوبرا\tests\Feature\BrandControllerTest.php" line="31" class="Tests\Feature\BrandControllerTest" classname="Tests.Feature.BrandControllerTest" assertions="2" time="0.225585"/>
        <testcase name="index_requires_authentication" file="C:\Users\Gaser\Desktop\كوبرا\tests\Feature\BrandControllerTest.php" line="149" class="Tests\Feature\BrandControllerTest" classname="Tests.Feature.BrandControllerTest" assertions="2" time="0.199235"/>
        <testcase name="show_requires_authentication" file="C:\Users\Gaser\Desktop\كوبرا\tests\Feature\BrandControllerTest.php" line="173" class="Tests\Feature\BrandControllerTest" classname="Tests.Feature.BrandControllerTest" assertions="2" time="0.189000"/>
        <testcase name="edit_requires_authentication" file="C:\Users\Gaser\Desktop\كوبرا\tests\Feature\BrandControllerTest.php" line="183" class="Tests\Feature\BrandControllerTest" classname="Tests.Feature.BrandControllerTest" assertions="2" time="0.182322"/>
      </testsuite>
      <testsuite name="Tests\Feature\Middleware\LocaleMiddlewareTest" file="C:\Users\Gaser\Desktop\كوبرا\tests\Feature\Middleware\LocaleMiddlewareTest.php" tests="3" assertions="6" errors="0" failures="0" skipped="0" time="0.572593">
        <testcase name="test_middleware_uses_session_values" file="C:\Users\Gaser\Desktop\كوبرا\tests\Feature\Middleware\LocaleMiddlewareTest.php" line="33" class="Tests\Feature\Middleware\LocaleMiddlewareTest" classname="Tests.Feature.Middleware.LocaleMiddlewareTest" assertions="2" time="0.176783"/>
        <testcase name="test_middleware_uses_authenticated_user_settings" file="C:\Users\Gaser\Desktop\كوبرا\tests\Feature\Middleware\LocaleMiddlewareTest.php" line="43" class="Tests\Feature\Middleware\LocaleMiddlewareTest" classname="Tests.Feature.Middleware.LocaleMiddlewareTest" assertions="2" time="0.201743"/>
        <testcase name="test_middleware_sets_default_locale_if_nothing_is_provided" file="C:\Users\Gaser\Desktop\كوبرا\tests\Feature\Middleware\LocaleMiddlewareTest.php" line="26" class="Tests\Feature\Middleware\LocaleMiddlewareTest" classname="Tests.Feature.Middleware.LocaleMiddlewareTest" assertions="2" time="0.194066"/>
      </testsuite>
      <testsuite name="Tests\Feature\Http\Controllers\LocaleControllerTest" file="C:\Users\Gaser\Desktop\كوبرا\tests\Feature\Http\Controllers\LocaleControllerTest.php" tests="1" assertions="1" errors="0" failures="0" skipped="0" time="0.205639">
        <testcase name="can_switch_language" file="C:\Users\Gaser\Desktop\كوبرا\tests\Feature\Http\Controllers\LocaleControllerTest.php" line="13" class="Tests\Feature\Http\Controllers\LocaleControllerTest" classname="Tests.Feature.Http.Controllers.LocaleControllerTest" assertions="1" time="0.205639"/>
      </testsuite>
      <testsuite name="Tests\Feature\HostingerTest" file="C:\Users\Gaser\Desktop\كوبرا\tests\Feature\HostingerTest.php" tests="8" assertions="21" errors="0" failures="0" skipped="0" time="1.593938">
        <testcase name="test_mail_configuration" file="C:\Users\Gaser\Desktop\كوبرا\tests\Feature\HostingerTest.php" line="22" class="Tests\Feature\HostingerTest" classname="Tests.Feature.HostingerTest" assertions="3" time="0.189125"/>
        <testcase name="test_deployment_configuration" file="C:\Users\Gaser\Desktop\كوبرا\tests\Feature\HostingerTest.php" line="62" class="Tests\Feature\HostingerTest" classname="Tests.Feature.HostingerTest" assertions="3" time="0.227045"/>
        <testcase name="test_cdn_configuration" file="C:\Users\Gaser\Desktop\كوبرا\tests\Feature\HostingerTest.php" line="42" class="Tests\Feature\HostingerTest" classname="Tests.Feature.HostingerTest" assertions="3" time="0.230372"/>
        <testcase name="test_cache_configuration" file="C:\Users\Gaser\Desktop\كوبرا\tests\Feature\HostingerTest.php" line="72" class="Tests\Feature\HostingerTest" classname="Tests.Feature.HostingerTest" assertions="1" time="0.176456"/>
        <testcase name="test_database_connection" file="C:\Users\Gaser\Desktop\كوبرا\tests\Feature\HostingerTest.php" line="14" class="Tests\Feature\HostingerTest" classname="Tests.Feature.HostingerTest" assertions="1" time="0.212517"/>
        <testcase name="test_php_configuration" file="C:\Users\Gaser\Desktop\كوبرا\tests\Feature\HostingerTest.php" line="52" class="Tests\Feature\HostingerTest" classname="Tests.Feature.HostingerTest" assertions="3" time="0.196802"/>
        <testcase name="test_ssl_configuration" file="C:\Users\Gaser\Desktop\كوبرا\tests\Feature\HostingerTest.php" line="32" class="Tests\Feature\HostingerTest" classname="Tests.Feature.HostingerTest" assertions="3" time="0.183660"/>
        <testcase name="test_session_configuration" file="C:\Users\Gaser\Desktop\كوبرا\tests\Feature\HostingerTest.php" line="81" class="Tests\Feature\HostingerTest" classname="Tests.Feature.HostingerTest" assertions="4" time="0.177962"/>
      </testsuite>
      <testsuite name="Tests\Feature\Http\Controllers\PriceAlertControllerTest" file="C:\Users\Gaser\Desktop\كوبرا\tests\Feature\Http\Controllers\PriceAlertControllerTest.php" tests="26" assertions="55" errors="0" failures="0" skipped="0" time="5.316831">
        <testcase name="update_returns_404_for_non_existing_alert" file="C:\Users\Gaser\Desktop\كوبرا\tests\Feature\Http\Controllers\PriceAlertControllerTest.php" line="175" class="Tests\Feature\Http\Controllers\PriceAlertControllerTest" classname="Tests.Feature.Http.Controllers.PriceAlertControllerTest" assertions="1" time="0.214232"/>
        <testcase name="a_user_cannot_delete_another_users_price_alert" file="C:\Users\Gaser\Desktop\كوبرا\tests\Feature\Http\Controllers\PriceAlertControllerTest.php" line="236" class="Tests\Feature\Http\Controllers\PriceAlertControllerTest" classname="Tests.Feature.Http.Controllers.PriceAlertControllerTest" assertions="1" time="0.191240"/>
        <testcase name="it_fails_to_update_a_price_alert_with_empty_target_price" file="C:\Users\Gaser\Desktop\كوبرا\tests\Feature\Http\Controllers\PriceAlertControllerTest.php" line="183" class="Tests\Feature\Http\Controllers\PriceAlertControllerTest" classname="Tests.Feature.Http.Controllers.PriceAlertControllerTest" assertions="2" time="0.227743"/>
        <testcase name="an_authenticated_user_can_update_their_price_alert" file="C:\Users\Gaser\Desktop\كوبرا\tests\Feature\Http\Controllers\PriceAlertControllerTest.php" line="145" class="Tests\Feature\Http\Controllers\PriceAlertControllerTest" classname="Tests.Feature.Http.Controllers.PriceAlertControllerTest" assertions="4" time="0.212413"/>
        <testcase name="a_user_can_delete_their_price_alert" file="C:\Users\Gaser\Desktop\كوبرا\tests\Feature\Http\Controllers\PriceAlertControllerTest.php" line="223" class="Tests\Feature\Http\Controllers\PriceAlertControllerTest" classname="Tests.Feature.Http.Controllers.PriceAlertControllerTest" assertions="4" time="0.187369"/>
        <testcase name="index_displays_empty_list_when_no_alerts_exist" file="C:\Users\Gaser\Desktop\كوبرا\tests\Feature\Http\Controllers\PriceAlertControllerTest.php" line="45" class="Tests\Feature\Http\Controllers\PriceAlertControllerTest" classname="Tests.Feature.Http.Controllers.PriceAlertControllerTest" assertions="2" time="0.200010"/>
        <testsuite name="Tests\Feature\Http\Controllers\PriceAlertControllerTest::a_guest_is_redirected_to_login_from_all_protected_routes" tests="8" assertions="16" errors="0" failures="0" skipped="0" time="1.603207">
          <testcase name="a_guest_is_redirected_to_login_from_all_protected_routes with data set &quot;Guest cannot store&quot;" file="C:\Users\Gaser\Desktop\كوبرا\tests\Feature\Http\Controllers\PriceAlertControllerTest.php" line="260" class="Tests\Feature\Http\Controllers\PriceAlertControllerTest" classname="Tests.Feature.Http.Controllers.PriceAlertControllerTest" assertions="2" time="0.193223"/>
          <testcase name="a_guest_is_redirected_to_login_from_all_protected_routes with data set &quot;Guest cannot view create&quot;" file="C:\Users\Gaser\Desktop\كوبرا\tests\Feature\Http\Controllers\PriceAlertControllerTest.php" line="260" class="Tests\Feature\Http\Controllers\PriceAlertControllerTest" classname="Tests.Feature.Http.Controllers.PriceAlertControllerTest" assertions="2" time="0.189195"/>
          <testcase name="a_guest_is_redirected_to_login_from_all_protected_routes with data set &quot;Guest cannot update&quot;" file="C:\Users\Gaser\Desktop\كوبرا\tests\Feature\Http\Controllers\PriceAlertControllerTest.php" line="260" class="Tests\Feature\Http\Controllers\PriceAlertControllerTest" classname="Tests.Feature.Http.Controllers.PriceAlertControllerTest" assertions="2" time="0.228860"/>
          <testcase name="a_guest_is_redirected_to_login_from_all_protected_routes with data set &quot;Guest cannot toggle&quot;" file="C:\Users\Gaser\Desktop\كوبرا\tests\Feature\Http\Controllers\PriceAlertControllerTest.php" line="260" class="Tests\Feature\Http\Controllers\PriceAlertControllerTest" classname="Tests.Feature.Http.Controllers.PriceAlertControllerTest" assertions="2" time="0.213326"/>
          <testcase name="a_guest_is_redirected_to_login_from_all_protected_routes with data set &quot;Guest cannot view show&quot;" file="C:\Users\Gaser\Desktop\كوبرا\tests\Feature\Http\Controllers\PriceAlertControllerTest.php" line="260" class="Tests\Feature\Http\Controllers\PriceAlertControllerTest" classname="Tests.Feature.Http.Controllers.PriceAlertControllerTest" assertions="2" time="0.208228"/>
          <testcase name="a_guest_is_redirected_to_login_from_all_protected_routes with data set &quot;Guest cannot destroy&quot;" file="C:\Users\Gaser\Desktop\كوبرا\tests\Feature\Http\Controllers\PriceAlertControllerTest.php" line="260" class="Tests\Feature\Http\Controllers\PriceAlertControllerTest" classname="Tests.Feature.Http.Controllers.PriceAlertControllerTest" assertions="2" time="0.190958"/>
          <testcase name="a_guest_is_redirected_to_login_from_all_protected_routes with data set &quot;Guest cannot view edit&quot;" file="C:\Users\Gaser\Desktop\كوبرا\tests\Feature\Http\Controllers\PriceAlertControllerTest.php" line="260" class="Tests\Feature\Http\Controllers\PriceAlertControllerTest" classname="Tests.Feature.Http.Controllers.PriceAlertControllerTest" assertions="2" time="0.187751"/>
          <testcase name="a_guest_is_redirected_to_login_from_all_protected_routes with data set &quot;Guest cannot view index&quot;" file="C:\Users\Gaser\Desktop\كوبرا\tests\Feature\Http\Controllers\PriceAlertControllerTest.php" line="260" class="Tests\Feature\Http\Controllers\PriceAlertControllerTest" classname="Tests.Feature.Http.Controllers.PriceAlertControllerTest" assertions="2" time="0.191667"/>
        </testsuite>
        <testcase name="show_displays_correct_price_alert_for_owner" file="C:\Users\Gaser\Desktop\كوبرا\tests\Feature\Http\Controllers\PriceAlertControllerTest.php" line="54" class="Tests\Feature\Http\Controllers\PriceAlertControllerTest" classname="Tests.Feature.Http.Controllers.PriceAlertControllerTest" assertions="3" time="0.225259"/>
        <testcase name="show_returns_403_for_another_user" file="C:\Users\Gaser\Desktop\كوبرا\tests\Feature\Http\Controllers\PriceAlertControllerTest.php" line="66" class="Tests\Feature\Http\Controllers\PriceAlertControllerTest" classname="Tests.Feature.Http.Controllers.PriceAlertControllerTest" assertions="1" time="0.209811"/>
        <testcase name="destroy_returns_404_for_non_existing_alert" file="C:\Users\Gaser\Desktop\كوبرا\tests\Feature\Http\Controllers\PriceAlertControllerTest.php" line="246" class="Tests\Feature\Http\Controllers\PriceAlertControllerTest" classname="Tests.Feature.Http.Controllers.PriceAlertControllerTest" assertions="1" time="0.209595"/>
        <testcase name="a_user_cannot_update_another_users_price_alert" file="C:\Users\Gaser\Desktop\كوبرا\tests\Feature\Http\Controllers\PriceAlertControllerTest.php" line="165" class="Tests\Feature\Http\Controllers\PriceAlertControllerTest" classname="Tests.Feature.Http.Controllers.PriceAlertControllerTest" assertions="1" time="0.189399"/>
        <testcase name="it_fails_to_store_a_price_alert_with_non_numeric_target_price" file="C:\Users\Gaser\Desktop\كوبرا\tests\Feature\Http\Controllers\PriceAlertControllerTest.php" line="117" class="Tests\Feature\Http\Controllers\PriceAlertControllerTest" classname="Tests.Feature.Http.Controllers.PriceAlertControllerTest" assertions="2" time="0.190989"/>
        <testcase name="it_fails_to_store_a_price_alert_with_non_existing_product_id" file="C:\Users\Gaser\Desktop\كوبرا\tests\Feature\Http\Controllers\PriceAlertControllerTest.php" line="130" class="Tests\Feature\Http\Controllers\PriceAlertControllerTest" classname="Tests.Feature.Http.Controllers.PriceAlertControllerTest" assertions="2" time="0.192477"/>
        <testcase name="a_user_can_toggle_their_price_alert_status" file="C:\Users\Gaser\Desktop\كوبرا\tests\Feature\Http\Controllers\PriceAlertControllerTest.php" line="197" class="Tests\Feature\Http\Controllers\PriceAlertControllerTest" classname="Tests.Feature.Http.Controllers.PriceAlertControllerTest" assertions="3" time="0.220881"/>
        <testcase name="show_returns_404_for_non_existing_alert" file="C:\Users\Gaser\Desktop\كوبرا\tests\Feature\Http\Controllers\PriceAlertControllerTest.php" line="76" class="Tests\Feature\Http\Controllers\PriceAlertControllerTest" classname="Tests.Feature.Http.Controllers.PriceAlertControllerTest" assertions="1" time="0.235006"/>
        <testcase name="index_displays_only_user_price_alerts" file="C:\Users\Gaser\Desktop\كوبرا\tests\Feature\Http\Controllers\PriceAlertControllerTest.php" line="32" class="Tests\Feature\Http\Controllers\PriceAlertControllerTest" classname="Tests.Feature.Http.Controllers.PriceAlertControllerTest" assertions="3" time="0.199350"/>
        <testcase name="an_authenticated_user_can_create_a_price_alert" file="C:\Users\Gaser\Desktop\كوبرا\tests\Feature\Http\Controllers\PriceAlertControllerTest.php" line="88" class="Tests\Feature\Http\Controllers\PriceAlertControllerTest" classname="Tests.Feature.Http.Controllers.PriceAlertControllerTest" assertions="4" time="0.189617"/>
        <testcase name="it_cannot_toggle_another_users_price_alert" file="C:\Users\Gaser\Desktop\كوبرا\tests\Feature\Http\Controllers\PriceAlertControllerTest.php" line="213" class="Tests\Feature\Http\Controllers\PriceAlertControllerTest" classname="Tests.Feature.Http.Controllers.PriceAlertControllerTest" assertions="1" time="0.192850"/>
        <testcase name="creating_a_price_alert_fails_with_invalid_data" file="C:\Users\Gaser\Desktop\كوبرا\tests\Feature\Http\Controllers\PriceAlertControllerTest.php" line="109" class="Tests\Feature\Http\Controllers\PriceAlertControllerTest" classname="Tests.Feature.Http.Controllers.PriceAlertControllerTest" assertions="3" time="0.225384"/>
      </testsuite>
      <testsuite name="Tests\Feature\AdminControllerTest" file="C:\Users\Gaser\Desktop\كوبرا\tests\Feature\AdminControllerTest.php" tests="21" assertions="50" errors="0" failures="0" skipped="0" time="4.490507">
        <testcase name="brands_requires_admin_privileges" file="C:\Users\Gaser\Desktop\كوبرا\tests\Feature\AdminControllerTest.php" line="132" class="Tests\Feature\AdminControllerTest" classname="Tests.Feature.AdminControllerTest" assertions="2" time="0.236831"/>
        <testcase name="stores_requires_admin_privileges" file="C:\Users\Gaser\Desktop\كوبرا\tests\Feature\AdminControllerTest.php" line="194" class="Tests\Feature\AdminControllerTest" classname="Tests.Feature.AdminControllerTest" assertions="2" time="0.210418"/>
        <testcase name="toggle_user_admin_requires_admin_privileges" file="C:\Users\Gaser\Desktop\كوبرا\tests\Feature\AdminControllerTest.php" line="227" class="Tests\Feature\AdminControllerTest" classname="Tests.Feature.AdminControllerTest" assertions="2" time="0.207370"/>
        <testcase name="categories_requires_admin_privileges" file="C:\Users\Gaser\Desktop\كوبرا\tests\Feature\AdminControllerTest.php" line="163" class="Tests\Feature\AdminControllerTest" classname="Tests.Feature.AdminControllerTest" assertions="2" time="0.208268"/>
        <testcase name="stores_requires_authentication" file="C:\Users\Gaser\Desktop\كوبرا\tests\Feature\AdminControllerTest.php" line="186" class="Tests\Feature\AdminControllerTest" classname="Tests.Feature.AdminControllerTest" assertions="2" time="0.200059"/>
        <testcase name="stores_displays_for_admin" file="C:\Users\Gaser\Desktop\كوبرا\tests\Feature\AdminControllerTest.php" line="204" class="Tests\Feature\AdminControllerTest" classname="Tests.Feature.AdminControllerTest" assertions="3" time="0.236992"/>
        <testcase name="users_displays_for_admin" file="C:\Users\Gaser\Desktop\كوبرا\tests\Feature\AdminControllerTest.php" line="80" class="Tests\Feature\AdminControllerTest" classname="Tests.Feature.AdminControllerTest" assertions="3" time="0.234339"/>
        <testcase name="products_requires_authentication" file="C:\Users\Gaser\Desktop\كوبرا\tests\Feature\AdminControllerTest.php" line="93" class="Tests\Feature\AdminControllerTest" classname="Tests.Feature.AdminControllerTest" assertions="2" time="0.184688"/>
        <testcase name="dashboard_requires_authentication" file="C:\Users\Gaser\Desktop\كوبرا\tests\Feature\AdminControllerTest.php" line="30" class="Tests\Feature\AdminControllerTest" classname="Tests.Feature.AdminControllerTest" assertions="2" time="0.181750"/>
        <testcase name="categories_requires_authentication" file="C:\Users\Gaser\Desktop\كوبرا\tests\Feature\AdminControllerTest.php" line="155" class="Tests\Feature\AdminControllerTest" classname="Tests.Feature.AdminControllerTest" assertions="2" time="0.186061"/>
        <testcase name="dashboard_requires_admin_privileges" file="C:\Users\Gaser\Desktop\كوبرا\tests\Feature\AdminControllerTest.php" line="38" class="Tests\Feature\AdminControllerTest" classname="Tests.Feature.AdminControllerTest" assertions="2" time="0.183418"/>
        <testcase name="products_requires_admin_privileges" file="C:\Users\Gaser\Desktop\كوبرا\tests\Feature\AdminControllerTest.php" line="101" class="Tests\Feature\AdminControllerTest" classname="Tests.Feature.AdminControllerTest" assertions="2" time="0.242446"/>
        <testcase name="products_displays_for_admin" file="C:\Users\Gaser\Desktop\كوبرا\tests\Feature\AdminControllerTest.php" line="111" class="Tests\Feature\AdminControllerTest" classname="Tests.Feature.AdminControllerTest" assertions="3" time="0.224127"/>
        <testcase name="categories_displays_for_admin" file="C:\Users\Gaser\Desktop\كوبرا\tests\Feature\AdminControllerTest.php" line="173" class="Tests\Feature\AdminControllerTest" classname="Tests.Feature.AdminControllerTest" assertions="3" time="0.206835"/>
        <testcase name="brands_displays_for_admin" file="C:\Users\Gaser\Desktop\كوبرا\tests\Feature\AdminControllerTest.php" line="142" class="Tests\Feature\AdminControllerTest" classname="Tests.Feature.AdminControllerTest" assertions="3" time="0.223771"/>
        <testcase name="toggle_user_admin_works_for_admin" file="C:\Users\Gaser\Desktop\كوبرا\tests\Feature\AdminControllerTest.php" line="238" class="Tests\Feature\AdminControllerTest" classname="Tests.Feature.AdminControllerTest" assertions="2" time="0.193139"/>
        <testcase name="dashboard_displays_for_admin" file="C:\Users\Gaser\Desktop\كوبرا\tests\Feature\AdminControllerTest.php" line="48" class="Tests\Feature\AdminControllerTest" classname="Tests.Feature.AdminControllerTest" assertions="5" time="0.359537"/>
        <testcase name="brands_requires_authentication" file="C:\Users\Gaser\Desktop\كوبرا\tests\Feature\AdminControllerTest.php" line="124" class="Tests\Feature\AdminControllerTest" classname="Tests.Feature.AdminControllerTest" assertions="2" time="0.206863"/>
        <testcase name="toggle_user_admin_requires_authentication" file="C:\Users\Gaser\Desktop\كوبرا\tests\Feature\AdminControllerTest.php" line="217" class="Tests\Feature\AdminControllerTest" classname="Tests.Feature.AdminControllerTest" assertions="2" time="0.182031"/>
        <testcase name="users_requires_admin_privileges" file="C:\Users\Gaser\Desktop\كوبرا\tests\Feature\AdminControllerTest.php" line="70" class="Tests\Feature\AdminControllerTest" classname="Tests.Feature.AdminControllerTest" assertions="2" time="0.200228"/>
        <testcase name="users_requires_authentication" file="C:\Users\Gaser\Desktop\كوبرا\tests\Feature\AdminControllerTest.php" line="62" class="Tests\Feature\AdminControllerTest" classname="Tests.Feature.AdminControllerTest" assertions="2" time="0.181337"/>
      </testsuite>
      <testsuite name="Tests\Feature\UITest" file="C:\Users\Gaser\Desktop\كوبرا\tests\Feature\UITest.php" tests="21" assertions="40" errors="0" failures="0" skipped="0" time="4.461220">
        <testcase name="test_sorting_functionality" file="C:\Users\Gaser\Desktop\كوبرا\tests\Feature\UITest.php" line="130" class="Tests\Feature\UITest" classname="Tests.Feature.UITest" assertions="2" time="0.207420"/>
        <testcase name="test_brands_page_loads" file="C:\Users\Gaser\Desktop\كوبرا\tests\Feature\UITest.php" line="65" class="Tests\Feature\UITest" classname="Tests.Feature.UITest" assertions="1" time="0.214160"/>
        <testcase name="test_price_alert_functionality" file="C:\Users\Gaser\Desktop\كوبرا\tests\Feature\UITest.php" line="242" class="Tests\Feature\UITest" classname="Tests.Feature.UITest" assertions="1" time="0.205083"/>
        <testcase name="test_review_functionality" file="C:\Users\Gaser\Desktop\كوبرا\tests\Feature\UITest.php" line="258" class="Tests\Feature\UITest" classname="Tests.Feature.UITest" assertions="1" time="0.210095"/>
        <testcase name="test_admin_pages_require_authentication" file="C:\Users\Gaser\Desktop\كوبرا\tests\Feature\UITest.php" line="205" class="Tests\Feature\UITest" classname="Tests.Feature.UITest" assertions="2" time="0.180709"/>
        <testcase name="test_responsive_design_elements" file="C:\Users\Gaser\Desktop\كوبرا\tests\Feature\UITest.php" line="162" class="Tests\Feature\UITest" classname="Tests.Feature.UITest" assertions="2" time="0.182324"/>
        <testcase name="test_wishlist_functionality" file="C:\Users\Gaser\Desktop\كوبرا\tests\Feature\UITest.php" line="227" class="Tests\Feature\UITest" classname="Tests.Feature.UITest" assertions="1" time="0.205149"/>
        <testcase name="test_api_endpoints_return_json" file="C:\Users\Gaser\Desktop\كوبرا\tests\Feature\UITest.php" line="276" class="Tests\Feature\UITest" classname="Tests.Feature.UITest" assertions="3" time="0.205004"/>
        <testcase name="test_filter_by_category" file="C:\Users\Gaser\Desktop\كوبرا\tests\Feature\UITest.php" line="89" class="Tests\Feature\UITest" classname="Tests.Feature.UITest" assertions="2" time="0.225204"/>
        <testcase name="test_filter_by_brand" file="C:\Users\Gaser\Desktop\كوبرا\tests\Feature\UITest.php" line="103" class="Tests\Feature\UITest" classname="Tests.Feature.UITest" assertions="2" time="0.192448"/>
        <testcase name="test_404_page" file="C:\Users\Gaser\Desktop\كوبرا\tests\Feature\UITest.php" line="195" class="Tests\Feature\UITest" classname="Tests.Feature.UITest" assertions="1" time="0.194947"/>
        <testcase name="test_health_check_endpoint" file="C:\Users\Gaser\Desktop\كوبرا\tests\Feature\UITest.php" line="287" class="Tests\Feature\UITest" classname="Tests.Feature.UITest" assertions="2" time="0.180651"/>
        <testcase name="test_pagination" file="C:\Users\Gaser\Desktop\كوبرا\tests\Feature\UITest.php" line="147" class="Tests\Feature\UITest" classname="Tests.Feature.UITest" assertions="3" time="0.301367"/>
        <testcase name="test_search_functionality" file="C:\Users\Gaser\Desktop\كوبرا\tests\Feature\UITest.php" line="76" class="Tests\Feature\UITest" classname="Tests.Feature.UITest" assertions="2" time="0.228706"/>
        <testcase name="test_product_detail_page_loads" file="C:\Users\Gaser\Desktop\كوبرا\tests\Feature\UITest.php" line="41" class="Tests\Feature\UITest" classname="Tests.Feature.UITest" assertions="2" time="0.188852"/>
        <testcase name="test_products_page_loads" file="C:\Users\Gaser\Desktop\كوبرا\tests\Feature\UITest.php" line="30" class="Tests\Feature\UITest" classname="Tests.Feature.UITest" assertions="2" time="0.190586"/>
        <testcase name="test_accessibility_features" file="C:\Users\Gaser\Desktop\كوبرا\tests\Feature\UITest.php" line="178" class="Tests\Feature\UITest" classname="Tests.Feature.UITest" assertions="3" time="0.188750"/>
        <testcase name="test_homepage_loads" file="C:\Users\Gaser\Desktop\كوبرا\tests\Feature\UITest.php" line="18" class="Tests\Feature\UITest" classname="Tests.Feature.UITest" assertions="3" time="0.187228"/>
        <testcase name="test_authenticated_user_can_access_admin" file="C:\Users\Gaser\Desktop\كوبرا\tests\Feature\UITest.php" line="215" class="Tests\Feature\UITest" classname="Tests.Feature.UITest" assertions="1" time="0.380606"/>
        <testcase name="test_price_range_filtering" file="C:\Users\Gaser\Desktop\كوبرا\tests\Feature\UITest.php" line="117" class="Tests\Feature\UITest" classname="Tests.Feature.UITest" assertions="2" time="0.194570"/>
        <testcase name="test_categories_page_loads" file="C:\Users\Gaser\Desktop\كوبرا\tests\Feature\UITest.php" line="54" class="Tests\Feature\UITest" classname="Tests.Feature.UITest" assertions="2" time="0.197359"/>
      </testsuite>
      <testsuite name="Tests\Feature\Performance\PerformanceTest" file="C:\Users\Gaser\Desktop\كوبرا\tests\Feature\Performance\PerformanceTest.php" tests="6" assertions="22" errors="0" failures="0" skipped="0" time="3.358418">
        <testcase name="it_handles_concurrent_requests" file="C:\Users\Gaser\Desktop\كوبرا\tests\Feature\Performance\PerformanceTest.php" line="55" class="Tests\Feature\Performance\PerformanceTest" classname="Tests.Feature.Performance.PerformanceTest" assertions="11" time="0.218382"/>
        <testcase name="it_handles_cache_performance" file="C:\Users\Gaser\Desktop\كوبرا\tests\Feature\Performance\PerformanceTest.php" line="184" class="Tests\Feature\Performance\PerformanceTest" classname="Tests.Feature.Performance.PerformanceTest" assertions="3" time="0.190612"/>
        <testcase name="it_handles_large_dataset_efficiently" file="C:\Users\Gaser\Desktop\كوبرا\tests\Feature\Performance\PerformanceTest.php" line="18" class="Tests\Feature\Performance\PerformanceTest" classname="Tests.Feature.Performance.PerformanceTest" assertions="2" time="1.596152"/>
        <testcase name="it_handles_pagination_performance" file="C:\Users\Gaser\Desktop\كوبرا\tests\Feature\Performance\PerformanceTest.php" line="157" class="Tests\Feature\Performance\PerformanceTest" classname="Tests.Feature.Performance.PerformanceTest" assertions="2" time="0.687423"/>
        <testcase name="it_handles_memory_efficiently" file="C:\Users\Gaser\Desktop\كوبرا\tests\Feature\Performance\PerformanceTest.php" line="96" class="Tests\Feature\Performance\PerformanceTest" classname="Tests.Feature.Performance.PerformanceTest" assertions="2" time="0.478948"/>
        <testcase name="it_handles_database_query_optimization" file="C:\Users\Gaser\Desktop\كوبرا\tests\Feature\Performance\PerformanceTest.php" line="123" class="Tests\Feature\Performance\PerformanceTest" classname="Tests.Feature.Performance.PerformanceTest" assertions="2" time="0.186901"/>
      </testsuite>
      <testsuite name="Tests\Feature\Http\Controllers\HomeControllerTest" file="C:\Users\Gaser\Desktop\كوبرا\tests\Feature\Http\Controllers\HomeControllerTest.php" tests="11" assertions="41" errors="0" failures="0" skipped="0" time="2.226496">
        <testcase name="it_displays_featured_products" file="C:\Users\Gaser\Desktop\كوبرا\tests\Feature\Http\Controllers\HomeControllerTest.php" line="26" class="Tests\Feature\Http\Controllers\HomeControllerTest" classname="Tests.Feature.Http.Controllers.HomeControllerTest" assertions="4" time="0.192592"/>
        <testcase name="it_handles_empty_data_gracefully" file="C:\Users\Gaser\Desktop\كوبرا\tests\Feature\Http\Controllers\HomeControllerTest.php" line="192" class="Tests\Feature\Http\Controllers\HomeControllerTest" classname="Tests.Feature.Http.Controllers.HomeControllerTest" assertions="8" time="0.198206"/>
        <testcase name="it_only_shows_active_products" file="C:\Users\Gaser\Desktop\كوبرا\tests\Feature\Http\Controllers\HomeControllerTest.php" line="125" class="Tests\Feature\Http\Controllers\HomeControllerTest" classname="Tests.Feature.Http.Controllers.HomeControllerTest" assertions="5" time="0.193761"/>
        <testcase name="it_displays_brands" file="C:\Users\Gaser\Desktop\كوبرا\tests\Feature\Http\Controllers\HomeControllerTest.php" line="65" class="Tests\Feature\Http\Controllers\HomeControllerTest" classname="Tests.Feature.Http.Controllers.HomeControllerTest" assertions="3" time="0.223631"/>
        <testcase name="it_limits_brands_to_eight" file="C:\Users\Gaser\Desktop\كوبرا\tests\Feature\Http\Controllers\HomeControllerTest.php" line="113" class="Tests\Feature\Http\Controllers\HomeControllerTest" classname="Tests.Feature.Http.Controllers.HomeControllerTest" assertions="2" time="0.212744"/>
        <testcase name="it_limits_featured_products_to_eight" file="C:\Users\Gaser\Desktop\كوبرا\tests\Feature\Http\Controllers\HomeControllerTest.php" line="79" class="Tests\Feature\Http\Controllers\HomeControllerTest" classname="Tests.Feature.Http.Controllers.HomeControllerTest" assertions="2" time="0.197070"/>
        <testcase name="it_can_display_home_page" file="C:\Users\Gaser\Desktop\كوبرا\tests\Feature\Http\Controllers\HomeControllerTest.php" line="17" class="Tests\Feature\Http\Controllers\HomeControllerTest" classname="Tests.Feature.Http.Controllers.HomeControllerTest" assertions="2" time="0.201900"/>
        <testcase name="it_limits_categories_to_six" file="C:\Users\Gaser\Desktop\كوبرا\tests\Feature\Http\Controllers\HomeControllerTest.php" line="101" class="Tests\Feature\Http\Controllers\HomeControllerTest" classname="Tests.Feature.Http.Controllers.HomeControllerTest" assertions="2" time="0.186545"/>
        <testcase name="it_only_shows_active_categories" file="C:\Users\Gaser\Desktop\كوبرا\tests\Feature\Http\Controllers\HomeControllerTest.php" line="158" class="Tests\Feature\Http\Controllers\HomeControllerTest" classname="Tests.Feature.Http.Controllers.HomeControllerTest" assertions="5" time="0.192998"/>
        <testcase name="it_displays_categories" file="C:\Users\Gaser\Desktop\كوبرا\tests\Feature\Http\Controllers\HomeControllerTest.php" line="51" class="Tests\Feature\Http\Controllers\HomeControllerTest" classname="Tests.Feature.Http.Controllers.HomeControllerTest" assertions="3" time="0.219988"/>
        <testcase name="it_only_shows_active_brands" file="C:\Users\Gaser\Desktop\كوبرا\tests\Feature\Http\Controllers\HomeControllerTest.php" line="175" class="Tests\Feature\Http\Controllers\HomeControllerTest" classname="Tests.Feature.Http.Controllers.HomeControllerTest" assertions="5" time="0.207061"/>
      </testsuite>
      <testsuite name="Tests\Feature\Http\Controllers\CartControllerTest" file="C:\Users\Gaser\Desktop\كوبرا\tests\Feature\Http\Controllers\CartControllerTest.php" tests="1" assertions="2" errors="0" failures="0" skipped="0" time="0.337009">
        <testcase name="cart_requires_authentication" file="C:\Users\Gaser\Desktop\كوبرا\tests\Feature\Http\Controllers\CartControllerTest.php" line="16" class="Tests\Feature\Http\Controllers\CartControllerTest" classname="Tests.Feature.Http.Controllers.CartControllerTest" assertions="2" time="0.337009"/>
      </testsuite>
      <testsuite name="Tests\Feature\Http\Controllers\CategoryControllerTest" file="C:\Users\Gaser\Desktop\كوبرا\tests\Feature\Http\Controllers\CategoryControllerTest.php" tests="12" assertions="29" errors="0" failures="0" skipped="0" time="2.433728">
        <testcase name="it_paginates_products_in_category" file="C:\Users\Gaser\Desktop\كوبرا\tests\Feature\Http\Controllers\CategoryControllerTest.php" line="164" class="Tests\Feature\Http\Controllers\CategoryControllerTest" classname="Tests.Feature.Http.Controllers.CategoryControllerTest" assertions="2" time="0.205585"/>
        <testcase name="it_returns_404_for_inactive_category" file="C:\Users\Gaser\Desktop\كوبرا\tests\Feature\Http\Controllers\CategoryControllerTest.php" line="54" class="Tests\Feature\Http\Controllers\CategoryControllerTest" classname="Tests.Feature.Http.Controllers.CategoryControllerTest" assertions="1" time="0.193104"/>
        <testcase name="it_can_display_categories_index" file="C:\Users\Gaser\Desktop\كوبرا\tests\Feature\Http\Controllers\CategoryControllerTest.php" line="17" class="Tests\Feature\Http\Controllers\CategoryControllerTest" classname="Tests.Feature.Http.Controllers.CategoryControllerTest" assertions="2" time="0.218097"/>
        <testcase name="it_orders_products_by_latest" file="C:\Users\Gaser\Desktop\كوبرا\tests\Feature\Http\Controllers\CategoryControllerTest.php" line="128" class="Tests\Feature\Http\Controllers\CategoryControllerTest" classname="Tests.Feature.Http.Controllers.CategoryControllerTest" assertions="2" time="0.225107"/>
        <testcase name="it_returns_404_for_non_existent_category" file="C:\Users\Gaser\Desktop\كوبرا\tests\Feature\Http\Controllers\CategoryControllerTest.php" line="46" class="Tests\Feature\Http\Controllers\CategoryControllerTest" classname="Tests.Feature.Http.Controllers.CategoryControllerTest" assertions="1" time="0.191301"/>
        <testcase name="it_handles_empty_category_gracefully" file="C:\Users\Gaser\Desktop\كوبرا\tests\Feature\Http\Controllers\CategoryControllerTest.php" line="288" class="Tests\Feature\Http\Controllers\CategoryControllerTest" classname="Tests.Feature.Http.Controllers.CategoryControllerTest" assertions="3" time="0.187505"/>
        <testcase name="it_can_filter_products_by_price_range" file="C:\Users\Gaser\Desktop\كوبرا\tests\Feature\Http\Controllers\CategoryControllerTest.php" line="189" class="Tests\Feature\Http\Controllers\CategoryControllerTest" classname="Tests.Feature.Http.Controllers.CategoryControllerTest" assertions="2" time="0.192177"/>
        <testcase name="it_only_shows_active_products_in_category" file="C:\Users\Gaser\Desktop\كوبرا\tests\Feature\Http\Controllers\CategoryControllerTest.php" line="92" class="Tests\Feature\Http\Controllers\CategoryControllerTest" classname="Tests.Feature.Http.Controllers.CategoryControllerTest" assertions="4" time="0.190891"/>
        <testcase name="it_can_sort_products_by_price" file="C:\Users\Gaser\Desktop\كوبرا\tests\Feature\Http\Controllers\CategoryControllerTest.php" line="222" class="Tests\Feature\Http\Controllers\CategoryControllerTest" classname="Tests.Feature.Http.Controllers.CategoryControllerTest" assertions="2" time="0.247289"/>
        <testcase name="it_shows_products_in_category" file="C:\Users\Gaser\Desktop\كوبرا\tests\Feature\Http\Controllers\CategoryControllerTest.php" line="67" class="Tests\Feature\Http\Controllers\CategoryControllerTest" classname="Tests.Feature.Http.Controllers.CategoryControllerTest" assertions="2" time="0.208828"/>
        <testcase name="it_can_search_products_in_category" file="C:\Users\Gaser\Desktop\كوبرا\tests\Feature\Http\Controllers\CategoryControllerTest.php" line="255" class="Tests\Feature\Http\Controllers\CategoryControllerTest" classname="Tests.Feature.Http.Controllers.CategoryControllerTest" assertions="2" time="0.186015"/>
        <testcase name="it_can_show_category_by_slug" file="C:\Users\Gaser\Desktop\كوبرا\tests\Feature\Http\Controllers\CategoryControllerTest.php" line="26" class="Tests\Feature\Http\Controllers\CategoryControllerTest" classname="Tests.Feature.Http.Controllers.CategoryControllerTest" assertions="6" time="0.187827"/>
      </testsuite>
    </testsuite>
    <testsuite name="Integration" tests="8" assertions="63" errors="0" failures="0" skipped="0" time="2.024249">
      <testsuite name="Tests\Integration\IntegrationTest" file="C:\Users\Gaser\Desktop\كوبرا\tests\Integration\IntegrationTest.php" tests="8" assertions="63" errors="0" failures="0" skipped="0" time="2.024249">
        <testcase name="test_api_authentication_flow" file="C:\Users\Gaser\Desktop\كوبرا\tests\Integration\IntegrationTest.php" line="239" class="Tests\Integration\IntegrationTest" classname="Tests.Integration.IntegrationTest" assertions="3" time="0.183127"/>
        <testcase name="test_data_consistency_across_operations" file="C:\Users\Gaser\Desktop\كوبرا\tests\Integration\IntegrationTest.php" line="256" class="Tests\Integration\IntegrationTest" classname="Tests.Integration.IntegrationTest" assertions="2" time="0.233392"/>
        <testcase name="test_performance_under_load" file="C:\Users\Gaser\Desktop\كوبرا\tests\Integration\IntegrationTest.php" line="308" class="Tests\Integration\IntegrationTest" classname="Tests.Integration.IntegrationTest" assertions="11" time="0.543190"/>
        <testcase name="test_user_interaction_workflow" file="C:\Users\Gaser\Desktop\كوبرا\tests\Integration\IntegrationTest.php" line="84" class="Tests\Integration\IntegrationTest" classname="Tests.Integration.IntegrationTest" assertions="6" time="0.194121"/>
        <testcase name="test_error_handling_and_recovery" file="C:\Users\Gaser\Desktop\كوبرا\tests\Integration\IntegrationTest.php" line="286" class="Tests\Integration\IntegrationTest" classname="Tests.Integration.IntegrationTest" assertions="4" time="0.198519"/>
        <testcase name="test_database_relationships_integrity" file="C:\Users\Gaser\Desktop\كوبرا\tests\Integration\IntegrationTest.php" line="184" class="Tests\Integration\IntegrationTest" classname="Tests.Integration.IntegrationTest" assertions="10" time="0.198408"/>
        <testcase name="test_search_and_filtering_integration" file="C:\Users\Gaser\Desktop\كوبرا\tests\Integration\IntegrationTest.php" line="136" class="Tests\Integration\IntegrationTest" classname="Tests.Integration.IntegrationTest" assertions="10" time="0.258249"/>
        <testcase name="test_complete_product_workflow" file="C:\Users\Gaser\Desktop\كوبرا\tests\Integration\IntegrationTest.php" line="23" class="Tests\Integration\IntegrationTest" classname="Tests.Integration.IntegrationTest" assertions="17" time="0.215243"/>
      </testsuite>
    </testsuite>
  </testsuite>
</testsuites>
